Copyright 1986-2016 Xilinx, Inc. All Rights Reserved.
------------------------------------------------------------------------------------------------------------------------
| Tool Version : Vivado v.2016.3 (win64) Build 1682563 Mon Oct 10 19:07:27 MDT 2016
| Date         : Tue Nov 24 10:04:09 2020
| Host         : TELOPS250 running 64-bit Service Pack 1  (build 7601)
| Command      : report_utilization -file d:/Telops/FIR-00251-Output/Reports/fir_0251_Output_160_utilization_placed.rpt
| Design       : fir_251_output_top_160
| Device       : 7k160tfbg676-1
| Design State : Routed
------------------------------------------------------------------------------------------------------------------------

Utilization Design Information

Table of Contents
-----------------
1. Slice Logic
1.1 Summary of Registers by Type
2. Slice Logic Distribution
3. Memory
4. DSP
5. IO and GT Specific
6. Clocking
7. Specific Feature
8. Primitives
9. Black Boxes
10. Instantiated Netlists

1. Slice Logic
--------------

+----------------------------+-------+-------+-----------+-------+
|          Site Type         |  Used | Fixed | Available | Util% |
+----------------------------+-------+-------+-----------+-------+
| Slice LUTs                 | 28209 |     0 |    101400 | 27.82 |
|   LUT as Logic             | 25080 |     0 |    101400 | 24.73 |
|   LUT as Memory            |  3129 |     0 |     35000 |  8.94 |
|     LUT as Distributed RAM |  1748 |     0 |           |       |
|     LUT as Shift Register  |  1381 |     0 |           |       |
| Slice Registers            | 35739 |     0 |    202800 | 17.62 |
|   Register as Flip Flop    | 35738 |     0 |    202800 | 17.62 |
|   Register as Latch        |     0 |     0 |    202800 |  0.00 |
|   Register as AND/OR       |     1 |     0 |    202800 | <0.01 |
| F7 Muxes                   |   233 |     0 |     50700 |  0.46 |
| F8 Muxes                   |     2 |     0 |     25350 | <0.01 |
+----------------------------+-------+-------+-----------+-------+


1.1 Summary of Registers by Type
--------------------------------

+-------+--------------+-------------+--------------+
| Total | Clock Enable | Synchronous | Asynchronous |
+-------+--------------+-------------+--------------+
| 1     |            _ |           - |            - |
| 0     |            _ |           - |          Set |
| 0     |            _ |           - |        Reset |
| 0     |            _ |         Set |            - |
| 0     |            _ |       Reset |            - |
| 0     |          Yes |           - |            - |
| 1053  |          Yes |           - |          Set |
| 2219  |          Yes |           - |        Reset |
| 1063  |          Yes |         Set |            - |
| 31426 |          Yes |       Reset |            - |
+-------+--------------+-------------+--------------+


2. Slice Logic Distribution
---------------------------

+-------------------------------------------+-------+-------+-----------+-------+
|                 Site Type                 |  Used | Fixed | Available | Util% |
+-------------------------------------------+-------+-------+-----------+-------+
| Slice                                     | 11518 |     0 |     25350 | 45.44 |
|   SLICEL                                  |  7228 |     0 |           |       |
|   SLICEM                                  |  4290 |     0 |           |       |
| LUT as Logic                              | 25080 |     0 |    101400 | 24.73 |
|   using O5 output only                    |     2 |       |           |       |
|   using O6 output only                    | 20300 |       |           |       |
|   using O5 and O6                         |  4778 |       |           |       |
| LUT as Memory                             |  3129 |     0 |     35000 |  8.94 |
|   LUT as Distributed RAM                  |  1748 |     0 |           |       |
|     using O5 output only                  |     0 |       |           |       |
|     using O6 output only                  |     0 |       |           |       |
|     using O5 and O6                       |  1748 |       |           |       |
|   LUT as Shift Register                   |  1381 |     0 |           |       |
|     using O5 output only                  |    94 |       |           |       |
|     using O6 output only                  |   573 |       |           |       |
|     using O5 and O6                       |   714 |       |           |       |
| LUT Flip Flop Pairs                       | 13698 |     0 |    101400 | 13.51 |
|   fully used LUT-FF pairs                 |  2594 |       |           |       |
|   LUT-FF pairs with one unused LUT output | 10226 |       |           |       |
|   LUT-FF pairs with one unused Flip Flop  |  9161 |       |           |       |
| Unique Control Sets                       |  1542 |       |           |       |
+-------------------------------------------+-------+-------+-----------+-------+
* Note: Review the Control Sets Report for more information regarding control sets.


3. Memory
---------

+-------------------+-------+-------+-----------+-------+
|     Site Type     |  Used | Fixed | Available | Util% |
+-------------------+-------+-------+-----------+-------+
| Block RAM Tile    | 205.5 |     0 |       325 | 63.23 |
|   RAMB36/FIFO*    |   197 |     0 |       325 | 60.62 |
|     FIFO36E1 only |     2 |       |           |       |
|     RAMB36E1 only |   195 |       |           |       |
|   RAMB18          |    17 |     0 |       650 |  2.62 |
|     RAMB18E1 only |    17 |       |           |       |
+-------------------+-------+-------+-----------+-------+
* Note: Each Block RAM Tile only has one FIFO logic available and therefore can accommodate only one FIFO36E1 or one FIFO18E1. However, if a FIFO18E1 occupies a Block RAM Tile, that tile can still accommodate a RAMB18E1


4. DSP
------

+----------------+------+-------+-----------+-------+
|    Site Type   | Used | Fixed | Available | Util% |
+----------------+------+-------+-----------+-------+
| DSPs           |   20 |     0 |       600 |  3.33 |
|   DSP48E1 only |   20 |       |           |       |
+----------------+------+-------+-----------+-------+


5. IO and GT Specific
---------------------

+-----------------------------+------+-------+-----------+--------+
|          Site Type          | Used | Fixed | Available |  Util% |
+-----------------------------+------+-------+-----------+--------+
| Bonded IOB                  |  144 |   144 |       400 |  36.00 |
|   IOB Master Pads           |   71 |       |           |        |
|   IOB Slave Pads            |   69 |       |           |        |
|   IOB Flip Flops            |   23 |    23 |           |        |
| Bonded IPADs                |   10 |    10 |        26 |  38.46 |
| Bonded OPADs                |    4 |     4 |        16 |  25.00 |
| PHY_CONTROL                 |    2 |     2 |         8 |  25.00 |
| PHASER_REF                  |    2 |     2 |         8 |  25.00 |
| OUT_FIFO                    |    5 |     5 |        32 |  15.63 |
| IN_FIFO                     |    2 |     2 |        32 |   6.25 |
| IDELAYCTRL                  |    2 |     0 |         8 |  25.00 |
| IBUFDS                      |    2 |     2 |       384 |   0.52 |
| GTXE2_COMMON                |    2 |     0 |         2 | 100.00 |
| GTXE2_CHANNEL               |    3 |     3 |         8 |  37.50 |
| PHASER_OUT/PHASER_OUT_PHY   |    5 |     5 |        32 |  15.63 |
|   PHASER_OUT_PHY only       |    5 |     5 |           |        |
| PHASER_IN/PHASER_IN_PHY     |    2 |     2 |        32 |   6.25 |
|   PHASER_IN_PHY only        |    2 |     2 |           |        |
| IDELAYE2/IDELAYE2_FINEDELAY |   16 |    16 |       400 |   4.00 |
|   IDELAYE2 only             |   16 |    16 |           |        |
| ODELAYE2/ODELAYE2_FINEDELAY |    0 |     0 |       150 |   0.00 |
| IBUFDS_GTE2                 |    2 |     2 |         4 |  50.00 |
| ILOGIC                      |   20 |    20 |       400 |   5.00 |
|   IFF_Register              |    4 |     4 |           |        |
|   ISERDES                   |   16 |    16 |           |        |
| OLOGIC                      |   81 |    81 |       400 |  20.25 |
|   OUTFF_Register            |   19 |    19 |           |        |
|   OUTFF_ODDR_Register       |    3 |     3 |           |        |
|   TFF_ODDR_Register         |    2 |     2 |           |        |
|   OSERDES                   |   59 |    59 |           |        |
+-----------------------------+------+-------+-----------+--------+


6. Clocking
-----------

+------------+------+-------+-----------+-------+
|  Site Type | Used | Fixed | Available | Util% |
+------------+------+-------+-----------+-------+
| BUFGCTRL   |   20 |     0 |        32 | 62.50 |
| BUFIO      |    0 |     0 |        32 |  0.00 |
| MMCME2_ADV |    5 |     1 |         8 | 62.50 |
| PLLE2_ADV  |    1 |     1 |         8 | 12.50 |
| BUFMRCE    |    0 |     0 |        16 |  0.00 |
| BUFHCE     |    1 |     0 |       120 |  0.83 |
| BUFR       |    0 |     0 |        32 |  0.00 |
+------------+------+-------+-----------+-------+


7. Specific Feature
-------------------

+-------------+------+-------+-----------+--------+
|  Site Type  | Used | Fixed | Available |  Util% |
+-------------+------+-------+-----------+--------+
| BSCANE2     |    1 |     0 |         4 |  25.00 |
| CAPTUREE2   |    0 |     0 |         1 |   0.00 |
| DNA_PORT    |    0 |     0 |         1 |   0.00 |
| EFUSE_USR   |    0 |     0 |         1 |   0.00 |
| FRAME_ECCE2 |    0 |     0 |         1 |   0.00 |
| ICAPE2      |    0 |     0 |         2 |   0.00 |
| PCIE_2_1    |    0 |     0 |         1 |   0.00 |
| STARTUPE2   |    1 |     0 |         1 | 100.00 |
| XADC        |    1 |     1 |         1 | 100.00 |
+-------------+------+-------+-----------+--------+


8. Primitives
-------------

+------------------------+-------+---------------------+
|        Ref Name        |  Used | Functional Category |
+------------------------+-------+---------------------+
| FDRE                   | 31426 |        Flop & Latch |
| LUT6                   |  7793 |                 LUT |
| LUT3                   |  5987 |                 LUT |
| LUT4                   |  4959 |                 LUT |
| LUT5                   |  4895 |                 LUT |
| LUT2                   |  4707 |                 LUT |
| RAMD32                 |  2638 |  Distributed Memory |
| FDCE                   |  2219 |        Flop & Latch |
| SRL16E                 |  1715 |  Distributed Memory |
| CARRY4                 |  1606 |          CarryLogic |
| LUT1                   |  1517 |                 LUT |
| FDSE                   |  1063 |        Flop & Latch |
| FDPE                   |  1053 |        Flop & Latch |
| RAMS32                 |   858 |  Distributed Memory |
| SRLC32E                |   343 |  Distributed Memory |
| MUXF7                  |   233 |               MuxFx |
| RAMB36E1               |   195 |        Block Memory |
| OBUF                   |    78 |                  IO |
| OSERDESE2              |    59 |                  IO |
| SRLC16E                |    37 |  Distributed Memory |
| IBUF                   |    20 |                  IO |
| DSP48E1                |    20 |    Block Arithmetic |
| OBUFDS                 |    18 |                  IO |
| BUFG                   |    18 |               Clock |
| RAMB18E1               |    17 |        Block Memory |
| OBUFT_DCIEN            |    16 |                  IO |
| ISERDESE2              |    16 |                  IO |
| IDELAYE2               |    16 |                  IO |
| IBUF_IBUFDISABLE       |    16 |                  IO |
| OBUFT                  |     7 |                  IO |
| PHASER_OUT_PHY         |     5 |                  IO |
| OUT_FIFO               |     5 |                  IO |
| ODDR                   |     5 |                  IO |
| MMCME2_ADV             |     5 |               Clock |
| OBUFTDS_DCIEN          |     4 |                  IO |
| IBUFDS_IBUFDISABLE_INT |     4 |                  IO |
| INV                    |     3 |                 LUT |
| GTXE2_CHANNEL          |     3 |                  IO |
| PHY_CONTROL            |     2 |                  IO |
| PHASER_REF             |     2 |                  IO |
| PHASER_IN_PHY          |     2 |                  IO |
| MUXF8                  |     2 |               MuxFx |
| IN_FIFO                |     2 |                  IO |
| IDELAYCTRL             |     2 |                  IO |
| IBUFDS_GTE2            |     2 |                  IO |
| IBUFDS                 |     2 |                  IO |
| GTXE2_COMMON           |     2 |                  IO |
| FIFO36E1               |     2 |        Block Memory |
| BUFGCTRL               |     2 |               Clock |
| XADC                   |     1 |              Others |
| STARTUPE2              |     1 |              Others |
| PLLE2_ADV              |     1 |               Clock |
| BUFH                   |     1 |               Clock |
| BSCANE2                |     1 |              Others |
| AND2B1L                |     1 |              Others |
+------------------------+-------+---------------------+


9. Black Boxes
--------------

+----------+------+
| Ref Name | Used |
+----------+------+


10. Instantiated Netlists
-------------------------

+---------------------------------------------+------+
|                   Ref Name                  | Used |
+---------------------------------------------+------+
| t_axi4_stream64_sfifo_d16384                |    2 |
| t_axi4_stream64_sfifo_d128                  |    2 |
| t_axi4_stream64_afifo_d512                  |    2 |
| ip_axis_fi32tofp32                          |    2 |
| video_mgt                                   |    1 |
| v_scaler_0                                  |    1 |
| t_axi4_stream64_sfifo_d1024_packet          |    1 |
| t_axi4_stream64_afifo_d16                   |    1 |
| t_axi4_stream32_afifo_d4096                 |    1 |
| smpte_sdi                                   |    1 |
| ip_fp32_axis_mult                           |    1 |
| ip_fp32_axis_divide                         |    1 |
| ip_axis_fp32tofi16                          |    1 |
| ip_axis_fi16tofp32                          |    1 |
| ip_axis64_fanout2                           |    1 |
| histogram_axis_tmi_c_counter_binary_v12_0_0 |    1 |
| histogram_axis_tmi_c_addsub_v12_0_0         |    1 |
| histogram_axis_tmi_blk_mem_gen_v8_1_0       |    1 |
| fwft_afifo_wr36_rd18_d256                   |    1 |
| dru                                         |    1 |
| data_mgt                                    |    1 |
| core_xbar_1                                 |    1 |
| core_xbar_0                                 |    1 |
| core_xadc_wiz_0_0                           |    1 |
| core_s04_data_fifo_0                        |    1 |
| core_s03_data_fifo_0                        |    1 |
| core_s02_data_fifo_0                        |    1 |
| core_s01_data_fifo_0                        |    1 |
| core_s00_data_fifo_0                        |    1 |
| core_proc_sys_reset_1_0                     |    1 |
| core_mig_7series_0_0                        |    1 |
| core_microblaze_0_xlconcat_0                |    1 |
| core_microblaze_0_axi_intc_0                |    1 |
| core_microblaze_0_0                         |    1 |
| core_mdm_1_0                                |    1 |
| core_m00_data_fifo_0                        |    1 |
| core_lmb_bram_0                             |    1 |
| core_ilmb_v10_0                             |    1 |
| core_ilmb_bram_if_cntlr_0                   |    1 |
| core_gnd_0                                  |    1 |
| core_fpga_comm_uart_0                       |    1 |
| core_dlmb_v10_0                             |    1 |
| core_dlmb_bram_if_cntlr_0                   |    1 |
| core_clk_wiz_1_0                            |    1 |
| core_clk_wiz_0_0                            |    1 |
| core_axi_uart_storage_0                     |    1 |
| core_axi_timer_0_0                          |    1 |
| core_axi_quad_spi_0_0                       |    1 |
| core_axi_gpio_0_0                           |    1 |
| core_auto_us_2                              |    1 |
| core_auto_us_1                              |    1 |
| core_auto_us_0                              |    1 |
| core_auto_pc_0                              |    1 |
| core_auto_cc_3                              |    1 |
| core_auto_cc_2                              |    1 |
| core_auto_cc_1                              |    1 |
| core_auto_cc_0                              |    1 |
| clink_clk_wiz                               |    1 |
| blk_mem_gen_1                               |    1 |
| blk_mem_gen_0                               |    1 |
| axi_sdi_fb_datamover                        |    1 |
| axi_fb_datamover                            |    1 |
+---------------------------------------------+------+


