Copyright 1986-1999, 2001-2013 Xilinx, Inc. All Rights Reserved.
--------------------------------------------------------------------------------------------------------------------------------
| Tool Version : Vivado v.2013.4 (win64) Build 353583 Mon Dec  9 17:49:19 MST 2013
| Date         : Thu Jun 30 09:54:54 2016
| Host         : TELOPSX running 64-bit Service Pack 1  (build 7601)
| Command      : report_clock_utilization -file d:/Telops/FIR-00251-Output/Reports/fir_0251_Output_clock_utilization_placed.rpt
| Design       : fir_251_output_top
| Device       : xc7k70t
--------------------------------------------------------------------------------------------------------------------------------

Clock Utilization Report

Table of Contents
-----------------
1. Clock Primitive Utilization
2. Details of Global Clocks
3. Details of Regional Clocks
4. Details of Multi-Regional Clocks
5. Details of I/O Clocks
6. Details of Local Clocks
7. Clock Regions : Key Resource Utilization
8. Net wise resources used in clock region X0Y0
9. Net wise resources used in clock region X1Y0
10. Net wise resources used in clock region X0Y1
11. Net wise resources used in clock region X1Y1
12. Net wise resources used in clock region X0Y2
13. Net wise resources used in clock region X1Y2
14. Net wise resources used in clock region X0Y3
15. Net wise resources used in clock region X1Y3

1. Clock Primitive Utilization
------------------------------

+-------+------+-----------+------------+
| Type  | Used | Available | Num Locked |
+-------+------+-----------+------------+
| BUFG  |   14 |        32 |          0 |
| BUFH  |    2 |        96 |          0 |
| BUFIO |    0 |        24 |          0 |
| MMCM  |    3 |         6 |          1 |
| BUFR  |    1 |        24 |          0 |
| BUFMR |    0 |        12 |          0 |
+-------+------+-----------+------------+


2. Details of Global Clocks
---------------------------

+-------+--------------------------------------------------------------------------------------------------------------------------+------------------------------------------------------------------------------------------------------------------------------+---------------+--------+---------------+-----------+
|       |                                                                                                                          |                                                                                                                              |   Num Loads   |        |               |           |
+-------+--------------------------------------------------------------------------------------------------------------------------+------------------------------------------------------------------------------------------------------------------------------+-------+-------+--------+---------------+-----------+
| Index | BUFG Cell                                                                                                                | Net Name                                                                                                                     |  BELs | Sites | Locked | MaxDelay (ns) | Skew (ns) |
+-------+--------------------------------------------------------------------------------------------------------------------------+------------------------------------------------------------------------------------------------------------------------------+-------+-------+--------+---------------+-----------+
|     1 | MB/core_wrapper_i/core_i/clk_wiz_0/U0/clkf_buf                                                                           | MB/core_wrapper_i/core_i/clk_wiz_0/U0/clkfbout_buf_core_clk_wiz_0_0                                                          |     1 |     1 |     no |         1.719 |     0.134 |
|     2 | MB/core_wrapper_i/core_i/clk_wiz_1/U0/clkf_buf                                                                           | MB/core_wrapper_i/core_i/clk_wiz_1/U0/O                                                                                      |     1 |     1 |     no |         1.699 |     0.189 |
|     3 | MB/core_wrapper_i/core_i/clk_wiz_1/U0/clkout1_buf                                                                        | MB/core_wrapper_i/core_i/clk_wiz_1/U0/clk_out1                                                                               |    16 |    16 |     no |         1.765 |     0.238 |
|     4 | MB/core_wrapper_i/core_i/FB_MEMORY/mig_7series_0/u_core_mig_7series_0_0_mig/u_iodelay_ctrl/clk_ref_noibuf.u_bufg_clk_ref | MB/core_wrapper_i/core_i/FB_MEMORY/mig_7series_0/u_core_mig_7series_0_0_mig/u_iodelay_ctrl/n_0_clk_ref_noibuf.u_bufg_clk_ref |    17 |     4 |     no |         1.646 |     0.560 |
|     5 | U3/U16                                                                                                                   | U3/clk                                                                                                                       |   154 |    39 |     no |         1.756 |     0.449 |
|     6 | MB/core_wrapper_i/core_i/clk_wiz_0/U0/clkout5_buf                                                                        | MB/core_wrapper_i/core_i/clk_wiz_0/U0/clk_out5                                                                               |   165 |    30 |     no |         2.453 |     1.135 |
|     7 | MB/core_wrapper_i/core_i/MCU/mdm_1/U0/BUFG_DRCK                                                                          | MB/core_wrapper_i/core_i/MCU/mdm_1/U0/Dbg_Clk_0                                                                              |   279 |    78 |     no |         1.554 |     0.251 |
|     8 | MB/core_wrapper_i/core_i/clk_wiz_0/U0/clkout4_buf                                                                        | MB/core_wrapper_i/core_i/clk_wiz_0/U0/clk_out4                                                                               |   739 |   182 |     no |         1.701 |     0.392 |
|     9 | U3/U4                                                                                                                    | U3/TX_CLK                                                                                                                    |  1397 |   296 |     no |         1.755 |     0.456 |
|    10 | U3/U10                                                                                                                   | U3/rx_usrclk                                                                                                                 |  1768 |   456 |     no |         1.755 |     0.452 |
|    11 | U5/U1/DATA_CLOCK/user_clk_buf_i                                                                                          | U5/U1/DATA_CLOCK/CLK                                                                                                         |  4329 |   734 |     no |         1.736 |     0.434 |
|    12 | MB/core_wrapper_i/core_i/clk_wiz_0/U0/clkout1_buf                                                                        | MB/core_wrapper_i/core_i/clk_wiz_0/U0/clk_out1                                                                               | 13385 |  2677 |     no |         1.756 |     0.505 |
|    13 | MB/core_wrapper_i/core_i/FB_MEMORY/mig_7series_0/u_core_mig_7series_0_0_mig/u_ddr3_infrastructure/u_bufg_clkdiv0         | MB/core_wrapper_i/core_i/FB_MEMORY/mig_7series_0/u_core_mig_7series_0_0_mig/u_ddr3_infrastructure/O1                         | 14334 |  2432 |     no |         1.756 |     0.448 |
|    14 | MB/core_wrapper_i/core_i/clk_wiz_0/U0/clkout2_buf                                                                        | MB/core_wrapper_i/core_i/clk_wiz_0/U0/clk_out2                                                                               | 18626 |  3282 |     no |         1.756 |     0.467 |
+-------+--------------------------------------------------------------------------------------------------------------------------+------------------------------------------------------------------------------------------------------------------------------+-------+-------+--------+---------------+-----------+


+-------+-------------------------------------------------------------------------------------------------------------------+------------------------------------------------------------------------------------------------------------+--------------+--------+---------------+-----------+
|       |                                                                                                                   |                                                                                                            |   Num Loads  |        |               |           |
+-------+-------------------------------------------------------------------------------------------------------------------+------------------------------------------------------------------------------------------------------------+------+-------+--------+---------------+-----------+
| Index | BUFH Cell                                                                                                         | Net Name                                                                                                   | BELs | Sites | Locked | MaxDelay (ns) | Skew (ns) |
+-------+-------------------------------------------------------------------------------------------------------------------+------------------------------------------------------------------------------------------------------------+------+-------+--------+---------------+-----------+
|     1 | MB/core_wrapper_i/core_i/FB_MEMORY/mig_7series_0/u_core_mig_7series_0_0_mig/u_ddr3_infrastructure/u_bufh_pll_clk3 | MB/core_wrapper_i/core_i/FB_MEMORY/mig_7series_0/u_core_mig_7series_0_0_mig/u_ddr3_infrastructure/pll_clk3 |    1 |     1 |     no |         0.798 |     0.050 |
|     2 | MB/core_wrapper_i/core_i/clk_wiz_0/U0/clkout6_buf                                                                 | MB/core_wrapper_i/core_i/clk_wiz_0/U0/clk_out6                                                             |   19 |     4 |     no |         0.820 |     0.101 |
+-------+-------------------------------------------------------------------------------------------------------------------+------------------------------------------------------------------------------------------------------------+------+-------+--------+---------------+-----------+


+-------+-------------------------------------------------------------------------------------------------------------------+-------------------------------------------------------------------------------------------------------------+--------------+--------+---------------+-----------+
|       |                                                                                                                   |                                                                                                             |   Num Loads  |        |               |           |
+-------+-------------------------------------------------------------------------------------------------------------------+-------------------------------------------------------------------------------------------------------------+------+-------+--------+---------------+-----------+
| Index | MMCM Cell                                                                                                         | Net Name                                                                                                    | BELs | Sites | Locked | MaxDelay (ns) | Skew (ns) |
+-------+-------------------------------------------------------------------------------------------------------------------+-------------------------------------------------------------------------------------------------------------+------+-------+--------+---------------+-----------+
|     1 | MB/core_wrapper_i/core_i/clk_wiz_0/U0/mmcm_adv_inst                                                               | MB/core_wrapper_i/core_i/clk_wiz_0/U0/clk_out3_core_clk_wiz_0_0                                             |    0 |     0 |     no |         0.000 |     0.000 |
|     2 | MB/core_wrapper_i/core_i/FB_MEMORY/mig_7series_0/u_core_mig_7series_0_0_mig/u_ddr3_infrastructure/gen_mmcm.mmcm_i | MB/core_wrapper_i/core_i/FB_MEMORY/mig_7series_0/u_core_mig_7series_0_0_mig/u_ddr3_infrastructure/clk_pll_i |    1 |     1 |  yes   |         1.932 |     0.095 |
|     3 | MB/core_wrapper_i/core_i/clk_wiz_0/U0/mmcm_adv_inst                                                               | MB/core_wrapper_i/core_i/clk_wiz_0/U0/clkfbout_core_clk_wiz_0_0                                             |    1 |     1 |     no |         1.950 |     0.095 |
|     4 | MB/core_wrapper_i/core_i/clk_wiz_0/U0/mmcm_adv_inst                                                               | MB/core_wrapper_i/core_i/clk_wiz_0/U0/clk_out1_core_clk_wiz_0_0                                             |    1 |     1 |     no |         1.950 |     0.095 |
|     5 | MB/core_wrapper_i/core_i/clk_wiz_0/U0/mmcm_adv_inst                                                               | MB/core_wrapper_i/core_i/clk_wiz_0/U0/clk_out2_core_clk_wiz_0_0                                             |    1 |     1 |     no |         1.950 |     0.095 |
|     6 | MB/core_wrapper_i/core_i/clk_wiz_0/U0/mmcm_adv_inst                                                               | MB/core_wrapper_i/core_i/clk_wiz_0/U0/clk_out4_core_clk_wiz_0_0                                             |    1 |     1 |     no |         1.950 |     0.095 |
|     7 | MB/core_wrapper_i/core_i/clk_wiz_0/U0/mmcm_adv_inst                                                               | MB/core_wrapper_i/core_i/clk_wiz_0/U0/clk_out5_core_clk_wiz_0_0                                             |    1 |     1 |     no |         1.950 |     0.095 |
|     8 | MB/core_wrapper_i/core_i/clk_wiz_0/U0/mmcm_adv_inst                                                               | MB/core_wrapper_i/core_i/clk_wiz_0/U0/clk_out6_core_clk_wiz_0_0                                             |    1 |     1 |     no |         1.360 |     0.097 |
|     9 | MB/core_wrapper_i/core_i/clk_wiz_1/U0/mmcm_adv_inst                                                               | MB/core_wrapper_i/core_i/clk_wiz_1/U0/CLKFBOUT                                                              |    1 |     1 |     no |         1.821 |     0.111 |
|    10 | MB/core_wrapper_i/core_i/clk_wiz_1/U0/mmcm_adv_inst                                                               | MB/core_wrapper_i/core_i/clk_wiz_1/U0/CLKOUT0                                                               |    1 |     1 |     no |         1.821 |     0.111 |
+-------+-------------------------------------------------------------------------------------------------------------------+-------------------------------------------------------------------------------------------------------------+------+-------+--------+---------------+-----------+


3. Details of Regional Clocks
-----------------------------

+-------+-----------+----------+--------------+--------+---------------+-----------+
|       |           |          |   Num Loads  |        |               |           |
+-------+-----------+----------+------+-------+--------+---------------+-----------+
| Index | BUFR Cell | Net Name | BELs | Sites | Locked | MaxDelay (ns) | Skew (ns) |
+-------+-----------+----------+------+-------+--------+---------------+-----------+
|     1 | CLINK/U1  | CLINK/O  | 1072 |   227 |     no |         0.842 |     0.178 |
+-------+-----------+----------+------+-------+--------+---------------+-----------+


4. Details of Multi-Regional Clocks
-----------------------------------

5. Details of I/O Clocks
------------------------

6. Details of Local Clocks
--------------------------

+-------+---------------------------------------------------------------------------------------------------------------------------------------------------------------------------------------------------------------------------------------------------+-----------------------------------------------------------------------------------------------------------------------------------------------------------------------------------------------------------------------------------------------+--------------+--------+---------------+-----------+
|       |                                                                                                                                                                                                                                                   |                                                                                                                                                                                                                                               |   Num Loads  |        |               |           |
+-------+---------------------------------------------------------------------------------------------------------------------------------------------------------------------------------------------------------------------------------------------------+-----------------------------------------------------------------------------------------------------------------------------------------------------------------------------------------------------------------------------------------------+------+-------+--------+---------------+-----------+
| Index | Local Clk Src                                                                                                                                                                                                                                     | Net Name                                                                                                                                                                                                                                      | BELs | Sites | Locked | MaxDelay (ns) | Skew (ns) |
+-------+---------------------------------------------------------------------------------------------------------------------------------------------------------------------------------------------------------------------------------------------------+-----------------------------------------------------------------------------------------------------------------------------------------------------------------------------------------------------------------------------------------------+------+-------+--------+---------------+-----------+
|     1 | MB/core_wrapper_i/core_i/FB_MEMORY/mig_7series_0/u_core_mig_7series_0_0_mig/u_memc_ui_top_axi/mem_intfc0/ddr_phy_top0/u_ddr_mc_phy_wrapper/u_ddr_mc_phy/ddr_phy_4lanes_1.u_ddr_phy_4lanes/ddr_byte_lane_A.ddr_byte_lane_A/phaser_out              | MB/core_wrapper_i/core_i/FB_MEMORY/mig_7series_0/u_core_mig_7series_0_0_mig/u_memc_ui_top_axi/mem_intfc0/ddr_phy_top0/u_ddr_mc_phy_wrapper/u_ddr_mc_phy/ddr_phy_4lanes_1.u_ddr_phy_4lanes/ddr_byte_lane_A.ddr_byte_lane_A/oserdes_clk_delayed |    2 |     2 |  yes   |         0.396 |     0.042 |
|     2 | MB/core_wrapper_i/core_i/FB_MEMORY/mig_7series_0/u_core_mig_7series_0_0_mig/u_memc_ui_top_axi/mem_intfc0/ddr_phy_top0/u_ddr_mc_phy_wrapper/u_ddr_mc_phy/ddr_phy_4lanes_0.u_ddr_phy_4lanes/ddr_byte_lane_A.ddr_byte_lane_A/phaser_out              | MB/core_wrapper_i/core_i/FB_MEMORY/mig_7series_0/u_core_mig_7series_0_0_mig/u_memc_ui_top_axi/mem_intfc0/ddr_phy_top0/u_ddr_mc_phy_wrapper/u_ddr_mc_phy/ddr_phy_4lanes_0.u_ddr_phy_4lanes/ddr_byte_lane_A.ddr_byte_lane_A/oserdes_clk_delayed |    2 |     2 |  yes   |         0.396 |     0.042 |
|     3 | MB/core_wrapper_i/core_i/FB_MEMORY/mig_7series_0/u_core_mig_7series_0_0_mig/u_memc_ui_top_axi/mem_intfc0/ddr_phy_top0/u_ddr_mc_phy_wrapper/u_ddr_mc_phy/ddr_phy_4lanes_1.u_ddr_phy_4lanes/ddr_byte_lane_D.ddr_byte_lane_D/phaser_out              | MB/core_wrapper_i/core_i/FB_MEMORY/mig_7series_0/u_core_mig_7series_0_0_mig/u_memc_ui_top_axi/mem_intfc0/ddr_phy_top0/u_ddr_mc_phy_wrapper/u_ddr_mc_phy/ddr_phy_4lanes_1.u_ddr_phy_4lanes/ddr_byte_lane_D.ddr_byte_lane_D/oserdes_clk         |    5 |     5 |  yes   |         0.397 |     0.045 |
|     4 | MB/core_wrapper_i/core_i/FB_MEMORY/mig_7series_0/u_core_mig_7series_0_0_mig/u_memc_ui_top_axi/mem_intfc0/ddr_phy_top0/u_ddr_mc_phy_wrapper/u_ddr_mc_phy/ddr_phy_4lanes_0.u_ddr_phy_4lanes/ddr_byte_lane_A.ddr_byte_lane_A/phaser_in_gen.phaser_in | MB/core_wrapper_i/core_i/FB_MEMORY/mig_7series_0/u_core_mig_7series_0_0_mig/u_memc_ui_top_axi/mem_intfc0/ddr_phy_top0/u_ddr_mc_phy_wrapper/u_ddr_mc_phy/ddr_phy_4lanes_0.u_ddr_phy_4lanes/ddr_byte_lane_A.ddr_byte_lane_A/O1                  |    8 |    16 |  yes   |         0.418 |     0.048 |
|     5 | MB/core_wrapper_i/core_i/FB_MEMORY/mig_7series_0/u_core_mig_7series_0_0_mig/u_memc_ui_top_axi/mem_intfc0/ddr_phy_top0/u_ddr_mc_phy_wrapper/u_ddr_mc_phy/ddr_phy_4lanes_1.u_ddr_phy_4lanes/ddr_byte_lane_A.ddr_byte_lane_A/phaser_in_gen.phaser_in | MB/core_wrapper_i/core_i/FB_MEMORY/mig_7series_0/u_core_mig_7series_0_0_mig/u_memc_ui_top_axi/mem_intfc0/ddr_phy_top0/u_ddr_mc_phy_wrapper/u_ddr_mc_phy/ddr_phy_4lanes_1.u_ddr_phy_4lanes/ddr_byte_lane_A.ddr_byte_lane_A/O1                  |    8 |    16 |  yes   |         0.418 |     0.048 |
|     6 | MB/core_wrapper_i/core_i/FB_MEMORY/mig_7series_0/u_core_mig_7series_0_0_mig/u_memc_ui_top_axi/mem_intfc0/ddr_phy_top0/u_ddr_mc_phy_wrapper/u_ddr_mc_phy/ddr_phy_4lanes_1.u_ddr_phy_4lanes/ddr_byte_lane_C.ddr_byte_lane_C/phaser_out              | MB/core_wrapper_i/core_i/FB_MEMORY/mig_7series_0/u_core_mig_7series_0_0_mig/u_memc_ui_top_axi/mem_intfc0/ddr_phy_top0/u_ddr_mc_phy_wrapper/u_ddr_mc_phy/ddr_phy_4lanes_1.u_ddr_phy_4lanes/ddr_byte_lane_C.ddr_byte_lane_C/oserdes_clk         |    9 |     9 |  yes   |         0.383 |     0.044 |
|     7 | MB/core_wrapper_i/core_i/FB_MEMORY/mig_7series_0/u_core_mig_7series_0_0_mig/u_memc_ui_top_axi/mem_intfc0/ddr_phy_top0/u_ddr_mc_phy_wrapper/u_ddr_mc_phy/ddr_phy_4lanes_1.u_ddr_phy_4lanes/ddr_byte_lane_B.ddr_byte_lane_B/phaser_out              | MB/core_wrapper_i/core_i/FB_MEMORY/mig_7series_0/u_core_mig_7series_0_0_mig/u_memc_ui_top_axi/mem_intfc0/ddr_phy_top0/u_ddr_mc_phy_wrapper/u_ddr_mc_phy/ddr_phy_4lanes_1.u_ddr_phy_4lanes/ddr_byte_lane_B.ddr_byte_lane_B/oserdes_clk         |   11 |    11 |  yes   |         0.385 |     0.045 |
|     8 | MB/core_wrapper_i/core_i/FB_MEMORY/mig_7series_0/u_core_mig_7series_0_0_mig/u_memc_ui_top_axi/mem_intfc0/ddr_phy_top0/u_ddr_mc_phy_wrapper/u_ddr_mc_phy/ddr_phy_4lanes_0.u_ddr_phy_4lanes/ddr_byte_lane_A.ddr_byte_lane_A/phaser_out              | MB/core_wrapper_i/core_i/FB_MEMORY/mig_7series_0/u_core_mig_7series_0_0_mig/u_memc_ui_top_axi/mem_intfc0/ddr_phy_top0/u_ddr_mc_phy_wrapper/u_ddr_mc_phy/ddr_phy_4lanes_0.u_ddr_phy_4lanes/ddr_byte_lane_A.ddr_byte_lane_A/oserdes_clk         |   18 |    18 |  yes   |         0.397 |     0.047 |
|     9 | MB/core_wrapper_i/core_i/FB_MEMORY/mig_7series_0/u_core_mig_7series_0_0_mig/u_memc_ui_top_axi/mem_intfc0/ddr_phy_top0/u_ddr_mc_phy_wrapper/u_ddr_mc_phy/ddr_phy_4lanes_1.u_ddr_phy_4lanes/ddr_byte_lane_A.ddr_byte_lane_A/phaser_out              | MB/core_wrapper_i/core_i/FB_MEMORY/mig_7series_0/u_core_mig_7series_0_0_mig/u_memc_ui_top_axi/mem_intfc0/ddr_phy_top0/u_ddr_mc_phy_wrapper/u_ddr_mc_phy/ddr_phy_4lanes_1.u_ddr_phy_4lanes/ddr_byte_lane_A.ddr_byte_lane_A/oserdes_clk         |   18 |    18 |  yes   |         0.397 |     0.047 |
|    10 | MB/core_wrapper_i/core_i/MCU/mdm_1/U0/Use_E2.BSCANE2_I                                                                                                                                                                                            | MB/core_wrapper_i/core_i/MCU/mdm_1/U0/Ext_JTAG_UPDATE                                                                                                                                                                                         |   44 |    16 |  yes   |         2.070 |     0.989 |
+-------+---------------------------------------------------------------------------------------------------------------------------------------------------------------------------------------------------------------------------------------------------+-----------------------------------------------------------------------------------------------------------------------------------------------------------------------------------------------------------------------------------------------+------+-------+--------+---------------+-----------+


7. Clock Regions : Key Resource Utilization
-------------------------------------------

+-------------------+--------------+--------------+--------------+--------------+--------------+--------------+--------------+--------------+--------------+--------------+--------------+--------------+--------------+--------------+--------------+
|                   | Global Clock |     BUFRs    |    BUFMRs    |    BUFIOs    |     MMCM     |      PLL     |      GT      |      PCI     |    ILOGIC    |    OLOGIC    |      FF      |     LUTM     |    RAMB18    |    RAMB36    |    DSP48E1   |
+-------------------+------+-------+------+-------+------+-------+------+-------+------+-------+------+-------+------+-------+------+-------+------+-------+------+-------+------+-------+------+-------+------+-------+------+-------+------+-------+
| Clock Region Name | Used | Avail | Used | Avail | Used | Avail | Used | Avail | Used | Avail | Used | Avail | Used | Avail | Used | Avail | Used | Avail | Used | Avail | Used | Avail | Used | Avail | Used | Avail | Used | Avail | Used | Avail |
+-------------------+------+-------+------+-------+------+-------+------+-------+------+-------+------+-------+------+-------+------+-------+------+-------+------+-------+------+-------+------+-------+------+-------+------+-------+------+-------+
| X0Y0              |    8 |    12 |    0 |     4 |    0 |     2 |    0 |     4 |    1 |     1 |    0 |     1 |    0 |     0 |    0 |     0 |    0 |    50 |    0 |    50 | 8173 | 14400 | 1259 |  2000 |    2 |    80 |   11 |    20 |    0 |    40 |
| X1Y0              |    7 |    12 |    0 |     4 |    0 |     2 |    0 |     4 |    1 |     1 |    1 |     1 |    0 |     0 |    0 |     0 |    8 |    50 |   36 |    50 | 6690 | 10400 | 1617 |  1600 |    0 |    80 |    3 |    20 |    0 |    20 |
| X0Y1              |    8 |    12 |    0 |     4 |    0 |     2 |    0 |     4 |    0 |     1 |    0 |     1 |    0 |     0 |    0 |     0 |    0 |    50 |    0 |    50 | 5023 |  9600 |  893 |  2000 |    1 |    80 |   19 |    20 |    2 |    40 |
| X1Y1              |    9 |    12 |    0 |     4 |    0 |     2 |    0 |     4 |    0 |     1 |    0 |     1 |    0 |     0 |    0 |     0 |    8 |    50 |   13 |    50 | 6326 | 10400 | 1341 |  1600 |    2 |    80 |   16 |    20 |    0 |    20 |
| X0Y2              |    9 |    12 |    0 |     4 |    0 |     2 |    0 |     4 |    0 |     1 |    0 |     1 |    0 |     0 |    0 |     0 |    0 |    50 |    0 |    50 | 5250 |  9600 |  382 |  2000 |    0 |    80 |   20 |    20 |    3 |    40 |
| X1Y2              |   10 |    12 |    0 |     0 |    0 |     0 |    0 |     0 |    0 |     0 |    0 |     0 |    5 |     5 |    0 |     1 |    0 |     0 |    0 |     0 | 3379 |  6000 |  213 |  1000 |    0 |    20 |    5 |     5 |    2 |    20 |
| X0Y3              |   10 |    12 |    1 |     4 |    0 |     2 |    0 |     4 |    1 |     1 |    0 |     1 |    0 |     0 |    0 |     0 |    0 |    50 |   15 |    50 | 9629 | 14400 |  701 |  2000 |    7 |    80 |   16 |    20 |    9 |    40 |
| X1Y3              |    7 |    12 |    0 |     0 |    0 |     0 |    0 |     0 |    0 |     0 |    0 |     0 |    2 |     5 |    0 |     0 |    0 |     0 |    0 |     0 | 5123 |  7200 |  217 |  1200 |    3 |    40 |    8 |    10 |    2 |    20 |
+-------------------+------+-------+------+-------+------+-------+------+-------+------+-------+------+-------+------+-------+------+-------+------+-------+------+-------+------+-------+------+-------+------+-------+------+-------+------+-------+
* RAMB36 site can be used as two RAMB18/FIFO18 sites


8. Net wise resources used in clock region X0Y0
-----------------------------------------------

+-------------+--------+-----------+---------+-----------+---------+---------+------+-------+----------+------+------------------------------------------------------------------------------------------------------+
| Source Type | Locked | MMCM Pins | GT Pins | BRAM Pins | ILOGICs | OLOGICs |  FFs | LUTMs | DSP48E1s | PLLs |                                                                                       Clock Net Name |
+-------------+--------+-----------+---------+-----------+---------+---------+------+-------+----------+------+------------------------------------------------------------------------------------------------------+
| BUFG        |   no   |         1 |       0 |         0 |       0 |       0 |    0 |     0 |        0 |    0 | MB/core_wrapper_i/core_i/clk_wiz_0/U0/clkfbout_buf_core_clk_wiz_0_0                                  |
| BUFG        |   no   |         0 |       0 |         0 |       0 |       0 |    6 |     0 |        0 |    0 | U3/rx_usrclk                                                                                         |
| BUFH        |   no   |         0 |       0 |         0 |       0 |       0 |   19 |     0 |        0 |    0 | MB/core_wrapper_i/core_i/clk_wiz_0/U0/clk_out6                                                       |
| BUFG        |   no   |         0 |       0 |         0 |       0 |       0 |   78 |     0 |        0 |    0 | U3/TX_CLK                                                                                            |
| BUFG        |   no   |         0 |       0 |         0 |       0 |       0 |   87 |     0 |        0 |    0 | MB/core_wrapper_i/core_i/clk_wiz_0/U0/clk_out5                                                       |
| BUFG        |   no   |         0 |       0 |         7 |       0 |       0 | 1096 |     0 |        0 |    0 | MB/core_wrapper_i/core_i/clk_wiz_0/U0/clk_out1                                                       |
| BUFG        |   no   |         0 |       0 |        15 |       0 |       0 | 1829 |   193 |        0 |    0 | MB/core_wrapper_i/core_i/clk_wiz_0/U0/clk_out2                                                       |
| BUFG        |   no   |         1 |       0 |         4 |       0 |       0 | 5051 |  1066 |        0 |    0 | MB/core_wrapper_i/core_i/FB_MEMORY/mig_7series_0/u_core_mig_7series_0_0_mig/u_ddr3_infrastructure/O1 |
+-------------+--------+-----------+---------+-----------+---------+---------+------+-------+----------+------+------------------------------------------------------------------------------------------------------+


9. Net wise resources used in clock region X1Y0
-----------------------------------------------

+-------------+--------+-----------+---------+-----------+---------+---------+------+-------+----------+------+------------------------------------------------------------------------------------------------------------------------------+
| Source Type | Locked | MMCM Pins | GT Pins | BRAM Pins | ILOGICs | OLOGICs |  FFs | LUTMs | DSP48E1s | PLLs |                                                                                                               Clock Net Name |
+-------------+--------+-----------+---------+-----------+---------+---------+------+-------+----------+------+------------------------------------------------------------------------------------------------------------------------------+
| BUFH        |   no   |         1 |       0 |         0 |       0 |       0 |    0 |     0 |        0 |    0 | MB/core_wrapper_i/core_i/FB_MEMORY/mig_7series_0/u_core_mig_7series_0_0_mig/u_ddr3_infrastructure/pll_clk3                   |
| BUFG        |   no   |         0 |       0 |         0 |       0 |       0 |    1 |     0 |        0 |    0 | MB/core_wrapper_i/core_i/clk_wiz_0/U0/clk_out4                                                                               |
| BUFG        |   no   |         0 |       0 |         0 |       0 |       0 |   15 |     0 |        0 |    0 | MB/core_wrapper_i/core_i/FB_MEMORY/mig_7series_0/u_core_mig_7series_0_0_mig/u_iodelay_ctrl/n_0_clk_ref_noibuf.u_bufg_clk_ref |
| BUFG        |   no   |         0 |       0 |         0 |       0 |       0 |   38 |     0 |        0 |    0 | U3/TX_CLK                                                                                                                    |
| BUFG        |   no   |         0 |       0 |         2 |       0 |       0 | 1174 |   163 |        0 |    0 | MB/core_wrapper_i/core_i/clk_wiz_0/U0/clk_out2                                                                               |
| BUFG        |   no   |         0 |       0 |         0 |       0 |       0 | 2314 |    78 |        0 |    0 | MB/core_wrapper_i/core_i/clk_wiz_0/U0/clk_out1                                                                               |
| BUFG        |   no   |         1 |       0 |         4 |       0 |       0 | 3123 |  1376 |        0 |    0 | MB/core_wrapper_i/core_i/FB_MEMORY/mig_7series_0/u_core_mig_7series_0_0_mig/u_ddr3_infrastructure/O1                         |
+-------------+--------+-----------+---------+-----------+---------+---------+------+-------+----------+------+------------------------------------------------------------------------------------------------------------------------------+


10. Net wise resources used in clock region X0Y1
------------------------------------------------

+-------------+--------+-----------+---------+-----------+---------+---------+------+-------+----------+------+------------------------------------------------------------------------------------------------------+
| Source Type | Locked | MMCM Pins | GT Pins | BRAM Pins | ILOGICs | OLOGICs |  FFs | LUTMs | DSP48E1s | PLLs |                                                                                       Clock Net Name |
+-------------+--------+-----------+---------+-----------+---------+---------+------+-------+----------+------+------------------------------------------------------------------------------------------------------+
| BUFG        |   no   |         0 |       0 |         0 |       0 |       0 |    8 |     0 |        0 |    0 | U5/U1/DATA_CLOCK/CLK                                                                                 |
| BUFG        |   no   |         0 |       0 |         0 |       0 |       0 |   16 |     0 |        0 |    0 | MB/core_wrapper_i/core_i/clk_wiz_0/U0/clk_out5                                                       |
| BUFG        |   no   |         0 |       0 |         0 |       0 |       0 |   24 |     0 |        0 |    0 | MB/core_wrapper_i/core_i/clk_wiz_0/U0/clk_out4                                                       |
| BUFG        |   no   |         0 |       0 |         0 |       0 |       0 |  258 |     2 |        0 |    0 | U3/TX_CLK                                                                                            |
| BUFG        |   no   |         0 |       0 |         0 |       0 |       0 |  735 |     0 |        0 |    0 | U3/rx_usrclk                                                                                         |
| BUFG        |   no   |         0 |       0 |         0 |       0 |       0 |  838 |   312 |        0 |    0 | MB/core_wrapper_i/core_i/FB_MEMORY/mig_7series_0/u_core_mig_7series_0_0_mig/u_ddr3_infrastructure/O1 |
| BUFG        |   no   |         0 |       0 |         3 |       0 |       0 | 1330 |   330 |        0 |    0 | MB/core_wrapper_i/core_i/clk_wiz_0/U0/clk_out2                                                       |
| BUFG        |   no   |         0 |       0 |        37 |       0 |       0 | 1805 |   249 |        2 |    0 | MB/core_wrapper_i/core_i/clk_wiz_0/U0/clk_out1                                                       |
+-------------+--------+-----------+---------+-----------+---------+---------+------+-------+----------+------+------------------------------------------------------------------------------------------------------+


11. Net wise resources used in clock region X1Y1
------------------------------------------------

+-------------+--------+-----------+---------+-----------+---------+---------+------+-------+----------+------+------------------------------------------------------------------------------------------------------+
| Source Type | Locked | MMCM Pins | GT Pins | BRAM Pins | ILOGICs | OLOGICs |  FFs | LUTMs | DSP48E1s | PLLs |                                                                                       Clock Net Name |
+-------------+--------+-----------+---------+-----------+---------+---------+------+-------+----------+------+------------------------------------------------------------------------------------------------------+
| BUFG        |   no   |         0 |       0 |         0 |       0 |       0 |    9 |     0 |        0 |    0 | U5/U1/DATA_CLOCK/CLK                                                                                 |
| BUFG        |   no   |         0 |       0 |         0 |       0 |       0 |   15 |     0 |        0 |    0 | MB/core_wrapper_i/core_i/clk_wiz_0/U0/clk_out4                                                       |
| BUFG        |   no   |         0 |       0 |         0 |       0 |       0 |   45 |     0 |        0 |    0 | MB/core_wrapper_i/core_i/MCU/mdm_1/U0/Dbg_Clk_0                                                      |
| BUFG        |   no   |         0 |       0 |         0 |       0 |       0 |   46 |     0 |        0 |    0 | U3/TX_CLK                                                                                            |
| BUFG        |   no   |         0 |       0 |         0 |       0 |       0 |  118 |     0 |        0 |    0 | U3/rx_usrclk                                                                                         |
| BUFG        |   no   |         0 |       0 |        32 |       0 |       2 | 1639 |   196 |        0 |    0 | MB/core_wrapper_i/core_i/clk_wiz_0/U0/clk_out1                                                       |
| BUFG        |   no   |         0 |       0 |         2 |       0 |       0 | 2004 |   407 |        0 |    0 | MB/core_wrapper_i/core_i/FB_MEMORY/mig_7series_0/u_core_mig_7series_0_0_mig/u_ddr3_infrastructure/O1 |
| BUFG        |   no   |         0 |       0 |         2 |       0 |       0 | 2430 |   738 |        0 |    0 | MB/core_wrapper_i/core_i/clk_wiz_0/U0/clk_out2                                                       |
+-------------+--------+-----------+---------+-----------+---------+---------+------+-------+----------+------+------------------------------------------------------------------------------------------------------+


12. Net wise resources used in clock region X0Y2
------------------------------------------------

+-------------+--------+-----------+---------+-----------+---------+---------+------+-------+----------+------+------------------------------------------------------------------------------------------------------+
| Source Type | Locked | MMCM Pins | GT Pins | BRAM Pins | ILOGICs | OLOGICs |  FFs | LUTMs | DSP48E1s | PLLs |                                                                                       Clock Net Name |
+-------------+--------+-----------+---------+-----------+---------+---------+------+-------+----------+------+------------------------------------------------------------------------------------------------------+
| BUFG        |   no   |         0 |       0 |         0 |       0 |       0 |    5 |     0 |        0 |    0 | U3/clk                                                                                               |
| BUFG        |   no   |         0 |       0 |         0 |       0 |       0 |    8 |     0 |        0 |    0 | MB/core_wrapper_i/core_i/FB_MEMORY/mig_7series_0/u_core_mig_7series_0_0_mig/u_ddr3_infrastructure/O1 |
| BUFG        |   no   |         0 |       0 |         0 |       0 |       0 |   35 |    20 |        0 |    0 | MB/core_wrapper_i/core_i/MCU/mdm_1/U0/Dbg_Clk_0                                                      |
| BUFG        |   no   |         0 |       0 |         0 |       0 |       0 |  190 |    16 |        0 |    0 | MB/core_wrapper_i/core_i/clk_wiz_0/U0/clk_out4                                                       |
| BUFG        |   no   |         0 |       0 |         0 |       0 |       0 |  408 |    13 |        0 |    0 | U3/TX_CLK                                                                                            |
| BUFG        |   no   |         0 |       0 |         0 |       0 |       0 |  539 |     2 |        0 |    0 | U3/rx_usrclk                                                                                         |
| BUFG        |   no   |         0 |       0 |         2 |       0 |       0 |  590 |     1 |        0 |    0 | MB/core_wrapper_i/core_i/clk_wiz_0/U0/clk_out2                                                       |
| BUFG        |   no   |         0 |       0 |         0 |       0 |       0 |  771 |   143 |        0 |    0 | U5/U1/DATA_CLOCK/CLK                                                                                 |
| BUFG        |   no   |         0 |       0 |        38 |       0 |       0 | 2688 |   187 |        3 |    0 | MB/core_wrapper_i/core_i/clk_wiz_0/U0/clk_out1                                                       |
+-------------+--------+-----------+---------+-----------+---------+---------+------+-------+----------+------+------------------------------------------------------------------------------------------------------+


13. Net wise resources used in clock region X1Y2
------------------------------------------------

+-------------+--------+-----------+---------+-----------+---------+---------+------+-------+----------+------+------------------------------------------------------------------------------------------------------+
| Source Type | Locked | MMCM Pins | GT Pins | BRAM Pins | ILOGICs | OLOGICs |  FFs | LUTMs | DSP48E1s | PLLs |                                                                                       Clock Net Name |
+-------------+--------+-----------+---------+-----------+---------+---------+------+-------+----------+------+------------------------------------------------------------------------------------------------------+
| BUFG        |   no   |         0 |       0 |         0 |       0 |       0 |    5 |     0 |        0 |    0 | U3/clk                                                                                               |
| BUFG        |   no   |         0 |       0 |         0 |       0 |       0 |   61 |     0 |        0 |    0 | MB/core_wrapper_i/core_i/clk_wiz_0/U0/clk_out5                                                       |
| BUFG        |   no   |         0 |       0 |         0 |       0 |       0 |  109 |     0 |        0 |    0 | MB/core_wrapper_i/core_i/FB_MEMORY/mig_7series_0/u_core_mig_7series_0_0_mig/u_ddr3_infrastructure/O1 |
| BUFG        |   no   |         0 |       0 |         0 |       0 |       0 |  115 |     2 |        0 |    0 | U3/TX_CLK                                                                                            |
| BUFG        |   no   |         0 |       5 |         0 |       0 |       0 |  131 |     0 |        0 |    0 | MB/core_wrapper_i/core_i/clk_wiz_0/U0/clk_out4                                                       |
| BUFG        |   no   |         0 |       0 |         0 |       0 |       0 |  141 |    38 |        0 |    0 | MB/core_wrapper_i/core_i/MCU/mdm_1/U0/Dbg_Clk_0                                                      |
| BUFG        |   no   |         0 |       0 |         0 |       0 |       0 |  156 |     0 |        0 |    0 | U3/rx_usrclk                                                                                         |
| BUFG        |   no   |         0 |       0 |         4 |       0 |       0 |  381 |     0 |        0 |    0 | MB/core_wrapper_i/core_i/clk_wiz_0/U0/clk_out2                                                       |
| BUFG        |   no   |         0 |      16 |         0 |       0 |       0 |  566 |    66 |        0 |    0 | U5/U1/DATA_CLOCK/CLK                                                                                 |
| BUFG        |   no   |         0 |       0 |         6 |       0 |       0 | 1713 |   107 |        2 |    0 | MB/core_wrapper_i/core_i/clk_wiz_0/U0/clk_out1                                                       |
+-------------+--------+-----------+---------+-----------+---------+---------+------+-------+----------+------+------------------------------------------------------------------------------------------------------+


14. Net wise resources used in clock region X0Y3
------------------------------------------------

+-------------+--------+-----------+---------+-----------+---------+---------+------+-------+----------+------+------------------------------------------------------------------------------------------------------+
| Source Type | Locked | MMCM Pins | GT Pins | BRAM Pins | ILOGICs | OLOGICs |  FFs | LUTMs | DSP48E1s | PLLs |                                                                                       Clock Net Name |
+-------------+--------+-----------+---------+-----------+---------+---------+------+-------+----------+------+------------------------------------------------------------------------------------------------------+
| BUFG        |   no   |         1 |       0 |         0 |       0 |       0 |    0 |     0 |        0 |    0 | MB/core_wrapper_i/core_i/clk_wiz_1/U0/O                                                              |
| BUFG        |   no   |         0 |       0 |         0 |       0 |      15 |    0 |     0 |        0 |    0 | MB/core_wrapper_i/core_i/clk_wiz_1/U0/clk_out1                                                       |
| BUFG        |   no   |         0 |       0 |         0 |       0 |       0 |    1 |     0 |        0 |    0 | MB/core_wrapper_i/core_i/FB_MEMORY/mig_7series_0/u_core_mig_7series_0_0_mig/u_ddr3_infrastructure/O1 |
| BUFG        |   no   |         0 |       0 |         0 |       0 |       0 |   64 |     1 |        0 |    0 | U3/clk                                                                                               |
| BUFG        |   no   |         1 |       0 |         0 |       0 |       0 |   99 |     0 |        0 |    0 | MB/core_wrapper_i/core_i/clk_wiz_0/U0/clk_out4                                                       |
| BUFG        |   no   |         0 |       0 |         0 |       0 |       0 |  201 |     1 |        0 |    0 | U3/rx_usrclk                                                                                         |
| BUFG        |   no   |         0 |       0 |         5 |       0 |       0 |  221 |    10 |        0 |    0 | U3/TX_CLK                                                                                            |
| BUFG        |   no   |         0 |       0 |        10 |       0 |       0 |  630 |    11 |        0 |    0 | MB/core_wrapper_i/core_i/clk_wiz_0/U0/clk_out1                                                       |
| BUFR        |   no   |         0 |       0 |         6 |       0 |      15 | 1054 |     0 |        0 |    0 | CLINK/O                                                                                              |
| BUFG        |   no   |         0 |       0 |         0 |       0 |       0 | 1105 |   218 |        0 |    0 | U5/U1/DATA_CLOCK/CLK                                                                                 |
| BUFG        |   no   |         0 |       0 |        23 |       0 |       0 | 6190 |   460 |        9 |    0 | MB/core_wrapper_i/core_i/clk_wiz_0/U0/clk_out2                                                       |
+-------------+--------+-----------+---------+-----------+---------+---------+------+-------+----------+------+------------------------------------------------------------------------------------------------------+


15. Net wise resources used in clock region X1Y3
------------------------------------------------

+-------------+--------+-----------+---------+-----------+---------+---------+------+-------+----------+------+------------------------------------------------+
| Source Type | Locked | MMCM Pins | GT Pins | BRAM Pins | ILOGICs | OLOGICs |  FFs | LUTMs | DSP48E1s | PLLs |                                 Clock Net Name |
+-------------+--------+-----------+---------+-----------+---------+---------+------+-------+----------+------+------------------------------------------------+
| BUFG        |   no   |         0 |       2 |         0 |       0 |       0 |    9 |     0 |        0 |    0 | U3/rx_usrclk                                   |
| BUFG        |   no   |         0 |       3 |         0 |       0 |       0 |   71 |     6 |        0 |    0 | U3/clk                                         |
| BUFG        |   no   |         0 |       2 |         8 |       0 |       0 |  191 |     3 |        0 |    0 | U3/TX_CLK                                      |
| BUFG        |   no   |         0 |       0 |         0 |       0 |       0 |  256 |     1 |        0 |    0 | MB/core_wrapper_i/core_i/clk_wiz_0/U0/clk_out4 |
| BUFG        |   no   |         0 |       0 |         2 |       0 |       0 |  575 |    19 |        0 |    0 | MB/core_wrapper_i/core_i/clk_wiz_0/U0/clk_out1 |
| BUFG        |   no   |         0 |       0 |         0 |       0 |       0 | 1428 |    11 |        0 |    0 | U5/U1/DATA_CLOCK/CLK                           |
| BUFG        |   no   |         0 |       0 |        11 |       0 |       0 | 2593 |   177 |        2 |    0 | MB/core_wrapper_i/core_i/clk_wiz_0/U0/clk_out2 |
+-------------+--------+-----------+---------+-----------+---------+---------+------+-------+----------+------+------------------------------------------------+



# Location of BUFG Primitives 
set_property LOC BUFGCTRL_X0Y7 [get_cells MB/core_wrapper_i/core_i/clk_wiz_0/U0/clkf_buf]
set_property LOC BUFGCTRL_X0Y21 [get_cells MB/core_wrapper_i/core_i/clk_wiz_1/U0/clkf_buf]
set_property LOC BUFGCTRL_X0Y20 [get_cells MB/core_wrapper_i/core_i/clk_wiz_1/U0/clkout1_buf]
set_property LOC BUFGCTRL_X0Y4 [get_cells MB/core_wrapper_i/core_i/FB_MEMORY/mig_7series_0/u_core_mig_7series_0_0_mig/u_iodelay_ctrl/clk_ref_noibuf.u_bufg_clk_ref]
set_property LOC BUFGCTRL_X0Y19 [get_cells U3/U16]
set_property LOC BUFGCTRL_X0Y3 [get_cells MB/core_wrapper_i/core_i/clk_wiz_0/U0/clkout5_buf]
set_property LOC BUFGCTRL_X0Y6 [get_cells MB/core_wrapper_i/core_i/MCU/mdm_1/U0/BUFG_DRCK]
set_property LOC BUFGCTRL_X0Y2 [get_cells MB/core_wrapper_i/core_i/clk_wiz_0/U0/clkout4_buf]
set_property LOC BUFGCTRL_X0Y18 [get_cells U3/U4]
set_property LOC BUFGCTRL_X0Y17 [get_cells U3/U10]
set_property LOC BUFGCTRL_X0Y16 [get_cells U5/U1/DATA_CLOCK/user_clk_buf_i]
set_property LOC BUFGCTRL_X0Y1 [get_cells MB/core_wrapper_i/core_i/clk_wiz_0/U0/clkout1_buf]
set_property LOC BUFGCTRL_X0Y0 [get_cells MB/core_wrapper_i/core_i/FB_MEMORY/mig_7series_0/u_core_mig_7series_0_0_mig/u_ddr3_infrastructure/u_bufg_clkdiv0]
set_property LOC BUFGCTRL_X0Y5 [get_cells MB/core_wrapper_i/core_i/clk_wiz_0/U0/clkout2_buf]

# Location of IO Clock Primitives

# Location of MMCM Clock Primitives
set_property LOC MMCME2_ADV_X1Y0 [get_cells MB/core_wrapper_i/core_i/FB_MEMORY/mig_7series_0/u_core_mig_7series_0_0_mig/u_ddr3_infrastructure/gen_mmcm.mmcm_i]
set_property LOC MMCME2_ADV_X0Y0 [get_cells MB/core_wrapper_i/core_i/clk_wiz_0/U0/mmcm_adv_inst]
set_property LOC MMCME2_ADV_X0Y3 [get_cells MB/core_wrapper_i/core_i/clk_wiz_1/U0/mmcm_adv_inst]

# Location of BUFH Clock Primitives
set_property LOC BUFHCE_X1Y0 [get_cells MB/core_wrapper_i/core_i/FB_MEMORY/mig_7series_0/u_core_mig_7series_0_0_mig/u_ddr3_infrastructure/u_bufh_pll_clk3]
set_property LOC BUFHCE_X0Y0 [get_cells MB/core_wrapper_i/core_i/clk_wiz_0/U0/clkout6_buf]

# Location of BUFR Clock Primitives
set_property LOC BUFR_X0Y13 [get_cells CLINK/U1]

# Location of BUFMR Clock Primitives

# Location of PLL Clock Primitives
set_property LOC PLLE2_ADV_X1Y0 [get_cells MB/core_wrapper_i/core_i/FB_MEMORY/mig_7series_0/u_core_mig_7series_0_0_mig/u_ddr3_infrastructure/plle2_i]

# Location of IO Primitives which is load of clock spine
set_property LOC IOB_X0Y57 [get_cells OBUF_3]

# Location of clock ports
set_property LOC IPAD_X0Y39 [get_ports SDI_CLK_N]
set_property LOC IPAD_X0Y38 [get_ports SDI_CLK_P]
set_property LOC IOB_X1Y75 [get_ports SYS_CLK_N2]
set_property LOC IOB_X1Y76 [get_ports SYS_CLK_P2]

# Clock net "MB/core_wrapper_i/core_i/FB_MEMORY/mig_7series_0/u_core_mig_7series_0_0_mig/u_ddr3_infrastructure/O1" driven by instance "MB/core_wrapper_i/core_i/FB_MEMORY/mig_7series_0/u_core_mig_7series_0_0_mig/u_ddr3_infrastructure/u_bufg_clkdiv0" located at site "BUFGCTRL_X0Y0"
#startgroup
create_pblock CLKAG_MB/core_wrapper_i/core_i/FB_MEMORY/mig_7series_0/u_core_mig_7series_0_0_mig/u_ddr3_infrastructure/O1
add_cells_to_pblock [get_pblocks  CLKAG_MB/core_wrapper_i/core_i/FB_MEMORY/mig_7series_0/u_core_mig_7series_0_0_mig/u_ddr3_infrastructure/O1] [get_cells  -filter { IS_PRIMITIVE==1 && PRIMITIVE_LEVEL !=INTERNAL && NAME!=MB/core_wrapper_i/core_i/FB_MEMORY/mig_7series_0/u_core_mig_7series_0_0_mig/u_ddr3_infrastructure/gen_mmcm.mmcm_i && NAME!=MB/core_wrapper_i/core_i/clk_wiz_0/U0/mmcm_adv_inst} -of_object [get_pins -filter {DIRECTION==IN} -of_objects [get_nets -hierarchical -filter {PARENT=="MB/core_wrapper_i/core_i/FB_MEMORY/mig_7series_0/u_core_mig_7series_0_0_mig/u_ddr3_infrastructure/O1"}]]]
resize_pblock [get_pblocks CLKAG_MB/core_wrapper_i/core_i/FB_MEMORY/mig_7series_0/u_core_mig_7series_0_0_mig/u_ddr3_infrastructure/O1] -add {CLOCKREGION_X0Y0:CLOCKREGION_X0Y0 CLOCKREGION_X0Y1:CLOCKREGION_X0Y1 CLOCKREGION_X0Y2:CLOCKREGION_X0Y2 CLOCKREGION_X0Y3:CLOCKREGION_X0Y3 CLOCKREGION_X1Y0:CLOCKREGION_X1Y0 CLOCKREGION_X1Y1:CLOCKREGION_X1Y1 CLOCKREGION_X1Y2:CLOCKREGION_X1Y2}
#endgroup

# Clock net "MB/core_wrapper_i/core_i/FB_MEMORY/mig_7series_0/u_core_mig_7series_0_0_mig/u_iodelay_ctrl/n_0_clk_ref_noibuf.u_bufg_clk_ref" driven by instance "MB/core_wrapper_i/core_i/FB_MEMORY/mig_7series_0/u_core_mig_7series_0_0_mig/u_iodelay_ctrl/clk_ref_noibuf.u_bufg_clk_ref" located at site "BUFGCTRL_X0Y4"
#startgroup
create_pblock CLKAG_MB/core_wrapper_i/core_i/FB_MEMORY/mig_7series_0/u_core_mig_7series_0_0_mig/u_iodelay_ctrl/n_0_clk_ref_noibuf.u_bufg_clk_ref
add_cells_to_pblock [get_pblocks  CLKAG_MB/core_wrapper_i/core_i/FB_MEMORY/mig_7series_0/u_core_mig_7series_0_0_mig/u_iodelay_ctrl/n_0_clk_ref_noibuf.u_bufg_clk_ref] [get_cells  -filter { IS_PRIMITIVE==1 && PRIMITIVE_LEVEL !=INTERNAL } -of_object [get_pins -filter {DIRECTION==IN} -of_objects [get_nets -hierarchical -filter {PARENT=="MB/core_wrapper_i/core_i/FB_MEMORY/mig_7series_0/u_core_mig_7series_0_0_mig/u_iodelay_ctrl/n_0_clk_ref_noibuf.u_bufg_clk_ref"}]]]
resize_pblock [get_pblocks CLKAG_MB/core_wrapper_i/core_i/FB_MEMORY/mig_7series_0/u_core_mig_7series_0_0_mig/u_iodelay_ctrl/n_0_clk_ref_noibuf.u_bufg_clk_ref] -add {CLOCKREGION_X1Y0:CLOCKREGION_X1Y0 CLOCKREGION_X1Y1:CLOCKREGION_X1Y1}
#endgroup

# Clock net "MB/core_wrapper_i/core_i/MCU/mdm_1/U0/Dbg_Clk_0" driven by instance "MB/core_wrapper_i/core_i/MCU/mdm_1/U0/BUFG_DRCK" located at site "BUFGCTRL_X0Y6"
#startgroup
create_pblock CLKAG_MB/core_wrapper_i/core_i/MCU/mdm_1/U0/Dbg_Clk_0
add_cells_to_pblock [get_pblocks  CLKAG_MB/core_wrapper_i/core_i/MCU/mdm_1/U0/Dbg_Clk_0] [get_cells  -filter { IS_PRIMITIVE==1 && PRIMITIVE_LEVEL !=INTERNAL } -of_object [get_pins -filter {DIRECTION==IN} -of_objects [get_nets -hierarchical -filter {PARENT=="MB/core_wrapper_i/core_i/MCU/mdm_1/U0/Dbg_Clk_0"}]]]
resize_pblock [get_pblocks CLKAG_MB/core_wrapper_i/core_i/MCU/mdm_1/U0/Dbg_Clk_0] -add {CLOCKREGION_X0Y2:CLOCKREGION_X0Y2 CLOCKREGION_X1Y1:CLOCKREGION_X1Y1 CLOCKREGION_X1Y2:CLOCKREGION_X1Y2}
#endgroup

# Clock net "MB/core_wrapper_i/core_i/clk_wiz_0/U0/clk_out1" driven by instance "MB/core_wrapper_i/core_i/clk_wiz_0/U0/clkout1_buf" located at site "BUFGCTRL_X0Y1"
#startgroup
create_pblock CLKAG_MB/core_wrapper_i/core_i/clk_wiz_0/U0/clk_out1
add_cells_to_pblock [get_pblocks  CLKAG_MB/core_wrapper_i/core_i/clk_wiz_0/U0/clk_out1] [get_cells  -filter { IS_PRIMITIVE==1 && PRIMITIVE_LEVEL !=INTERNAL } -of_object [get_pins -filter {DIRECTION==IN} -of_objects [get_nets -hierarchical -filter {PARENT=="MB/core_wrapper_i/core_i/clk_wiz_0/U0/clk_out1"}]]]
resize_pblock [get_pblocks CLKAG_MB/core_wrapper_i/core_i/clk_wiz_0/U0/clk_out1] -add {CLOCKREGION_X0Y0:CLOCKREGION_X0Y0 CLOCKREGION_X0Y1:CLOCKREGION_X0Y1 CLOCKREGION_X0Y2:CLOCKREGION_X0Y2 CLOCKREGION_X0Y3:CLOCKREGION_X0Y3 CLOCKREGION_X1Y0:CLOCKREGION_X1Y0 CLOCKREGION_X1Y1:CLOCKREGION_X1Y1 CLOCKREGION_X1Y2:CLOCKREGION_X1Y2 CLOCKREGION_X1Y3:CLOCKREGION_X1Y3}
#endgroup

# Clock net "MB/core_wrapper_i/core_i/clk_wiz_0/U0/clk_out2" driven by instance "MB/core_wrapper_i/core_i/clk_wiz_0/U0/clkout2_buf" located at site "BUFGCTRL_X0Y5"
#startgroup
create_pblock CLKAG_MB/core_wrapper_i/core_i/clk_wiz_0/U0/clk_out2
add_cells_to_pblock [get_pblocks  CLKAG_MB/core_wrapper_i/core_i/clk_wiz_0/U0/clk_out2] [get_cells  -filter { IS_PRIMITIVE==1 && PRIMITIVE_LEVEL !=INTERNAL } -of_object [get_pins -filter {DIRECTION==IN} -of_objects [get_nets -hierarchical -filter {PARENT=="MB/core_wrapper_i/core_i/clk_wiz_0/U0/clk_out2"}]]]
resize_pblock [get_pblocks CLKAG_MB/core_wrapper_i/core_i/clk_wiz_0/U0/clk_out2] -add {CLOCKREGION_X0Y0:CLOCKREGION_X0Y0 CLOCKREGION_X0Y1:CLOCKREGION_X0Y1 CLOCKREGION_X0Y2:CLOCKREGION_X0Y2 CLOCKREGION_X0Y3:CLOCKREGION_X0Y3 CLOCKREGION_X1Y0:CLOCKREGION_X1Y0 CLOCKREGION_X1Y1:CLOCKREGION_X1Y1 CLOCKREGION_X1Y2:CLOCKREGION_X1Y2 CLOCKREGION_X1Y3:CLOCKREGION_X1Y3}
#endgroup

# Clock net "MB/core_wrapper_i/core_i/clk_wiz_0/U0/clk_out4" driven by instance "MB/core_wrapper_i/core_i/clk_wiz_0/U0/clkout4_buf" located at site "BUFGCTRL_X0Y2"
#startgroup
create_pblock CLKAG_MB/core_wrapper_i/core_i/clk_wiz_0/U0/clk_out4
add_cells_to_pblock [get_pblocks  CLKAG_MB/core_wrapper_i/core_i/clk_wiz_0/U0/clk_out4] [get_cells  -filter { IS_PRIMITIVE==1 && PRIMITIVE_LEVEL !=INTERNAL && NAME!=MB/core_wrapper_i/core_i/clk_wiz_1/U0/mmcm_adv_inst} -of_object [get_pins -filter {DIRECTION==IN} -of_objects [get_nets -hierarchical -filter {PARENT=="MB/core_wrapper_i/core_i/clk_wiz_0/U0/clk_out4"}]]]
resize_pblock [get_pblocks CLKAG_MB/core_wrapper_i/core_i/clk_wiz_0/U0/clk_out4] -add {CLOCKREGION_X0Y1:CLOCKREGION_X0Y1 CLOCKREGION_X0Y2:CLOCKREGION_X0Y2 CLOCKREGION_X0Y3:CLOCKREGION_X0Y3 CLOCKREGION_X1Y0:CLOCKREGION_X1Y0 CLOCKREGION_X1Y1:CLOCKREGION_X1Y1 CLOCKREGION_X1Y2:CLOCKREGION_X1Y2 CLOCKREGION_X1Y3:CLOCKREGION_X1Y3}
#endgroup

# Clock net "MB/core_wrapper_i/core_i/clk_wiz_0/U0/clk_out5" driven by instance "MB/core_wrapper_i/core_i/clk_wiz_0/U0/clkout5_buf" located at site "BUFGCTRL_X0Y3"
#startgroup
create_pblock CLKAG_MB/core_wrapper_i/core_i/clk_wiz_0/U0/clk_out5
add_cells_to_pblock [get_pblocks  CLKAG_MB/core_wrapper_i/core_i/clk_wiz_0/U0/clk_out5] [get_cells  -filter { IS_PRIMITIVE==1 && PRIMITIVE_LEVEL !=INTERNAL && NAME!=OBUF_3} -of_object [get_pins -filter {DIRECTION==IN} -of_objects [get_nets -hierarchical -filter {PARENT=="MB/core_wrapper_i/core_i/clk_wiz_0/U0/clk_out5"}]]]
resize_pblock [get_pblocks CLKAG_MB/core_wrapper_i/core_i/clk_wiz_0/U0/clk_out5] -add {CLOCKREGION_X0Y0:CLOCKREGION_X0Y0 CLOCKREGION_X0Y1:CLOCKREGION_X0Y1 CLOCKREGION_X1Y2:CLOCKREGION_X1Y2}
#endgroup

# Clock net "MB/core_wrapper_i/core_i/clk_wiz_1/U0/clk_out1" driven by instance "MB/core_wrapper_i/core_i/clk_wiz_1/U0/clkout1_buf" located at site "BUFGCTRL_X0Y20"
#startgroup
create_pblock CLKAG_MB/core_wrapper_i/core_i/clk_wiz_1/U0/clk_out1
add_cells_to_pblock [get_pblocks  CLKAG_MB/core_wrapper_i/core_i/clk_wiz_1/U0/clk_out1] [get_cells  -filter { IS_PRIMITIVE==1 && PRIMITIVE_LEVEL !=INTERNAL && NAME!=CLINK/U1} -of_object [get_pins -filter {DIRECTION==IN} -of_objects [get_nets -hierarchical -filter {PARENT=="MB/core_wrapper_i/core_i/clk_wiz_1/U0/clk_out1"}]]]
resize_pblock [get_pblocks CLKAG_MB/core_wrapper_i/core_i/clk_wiz_1/U0/clk_out1] -add {CLOCKREGION_X0Y3:CLOCKREGION_X0Y3}
#endgroup

# Clock net "U3/rx_usrclk" driven by instance "U3/U10" located at site "BUFGCTRL_X0Y17"
#startgroup
create_pblock CLKAG_U3/rx_usrclk
add_cells_to_pblock [get_pblocks  CLKAG_U3/rx_usrclk] [get_cells  -filter { IS_PRIMITIVE==1 && PRIMITIVE_LEVEL !=INTERNAL } -of_object [get_pins -filter {DIRECTION==IN} -of_objects [get_nets -hierarchical -filter {PARENT=="U3/rx_usrclk"}]]]
resize_pblock [get_pblocks CLKAG_U3/rx_usrclk] -add {CLOCKREGION_X0Y0:CLOCKREGION_X0Y0 CLOCKREGION_X0Y1:CLOCKREGION_X0Y1 CLOCKREGION_X0Y2:CLOCKREGION_X0Y2 CLOCKREGION_X0Y3:CLOCKREGION_X0Y3 CLOCKREGION_X1Y1:CLOCKREGION_X1Y1 CLOCKREGION_X1Y2:CLOCKREGION_X1Y2 CLOCKREGION_X1Y3:CLOCKREGION_X1Y3}
#endgroup

# Clock net "U3/clk" driven by instance "U3/U16" located at site "BUFGCTRL_X0Y19"
#startgroup
create_pblock CLKAG_U3/clk
add_cells_to_pblock [get_pblocks  CLKAG_U3/clk] [get_cells  -filter { IS_PRIMITIVE==1 && PRIMITIVE_LEVEL !=INTERNAL } -of_object [get_pins -filter {DIRECTION==IN} -of_objects [get_nets -hierarchical -filter {PARENT=="U3/clk"}]]]
resize_pblock [get_pblocks CLKAG_U3/clk] -add {CLOCKREGION_X0Y2:CLOCKREGION_X0Y2 CLOCKREGION_X0Y3:CLOCKREGION_X0Y3 CLOCKREGION_X1Y2:CLOCKREGION_X1Y2 CLOCKREGION_X1Y3:CLOCKREGION_X1Y3}
#endgroup

# Clock net "U3/TX_CLK" driven by instance "U3/U4" located at site "BUFGCTRL_X0Y18"
#startgroup
create_pblock CLKAG_U3/TX_CLK
add_cells_to_pblock [get_pblocks  CLKAG_U3/TX_CLK] [get_cells  -filter { IS_PRIMITIVE==1 && PRIMITIVE_LEVEL !=INTERNAL } -of_object [get_pins -filter {DIRECTION==IN} -of_objects [get_nets -hierarchical -filter {PARENT=="U3/TX_CLK"}]]]
resize_pblock [get_pblocks CLKAG_U3/TX_CLK] -add {CLOCKREGION_X0Y0:CLOCKREGION_X0Y0 CLOCKREGION_X0Y1:CLOCKREGION_X0Y1 CLOCKREGION_X0Y2:CLOCKREGION_X0Y2 CLOCKREGION_X0Y3:CLOCKREGION_X0Y3 CLOCKREGION_X1Y0:CLOCKREGION_X1Y0 CLOCKREGION_X1Y1:CLOCKREGION_X1Y1 CLOCKREGION_X1Y2:CLOCKREGION_X1Y2 CLOCKREGION_X1Y3:CLOCKREGION_X1Y3}
#endgroup

# Clock net "U5/U1/DATA_CLOCK/CLK" driven by instance "U5/U1/DATA_CLOCK/user_clk_buf_i" located at site "BUFGCTRL_X0Y16"
#startgroup
create_pblock CLKAG_U5/U1/DATA_CLOCK/CLK
add_cells_to_pblock [get_pblocks  CLKAG_U5/U1/DATA_CLOCK/CLK] [get_cells  -filter { IS_PRIMITIVE==1 && PRIMITIVE_LEVEL !=INTERNAL } -of_object [get_pins -filter {DIRECTION==IN} -of_objects [get_nets -hierarchical -filter {PARENT=="U5/U1/DATA_CLOCK/CLK"}]]]
resize_pblock [get_pblocks CLKAG_U5/U1/DATA_CLOCK/CLK] -add {CLOCKREGION_X0Y1:CLOCKREGION_X0Y1 CLOCKREGION_X0Y2:CLOCKREGION_X0Y2 CLOCKREGION_X0Y3:CLOCKREGION_X0Y3 CLOCKREGION_X1Y1:CLOCKREGION_X1Y1 CLOCKREGION_X1Y2:CLOCKREGION_X1Y2 CLOCKREGION_X1Y3:CLOCKREGION_X1Y3}
#endgroup

# Clock net "MB/core_wrapper_i/core_i/clk_wiz_0/U0/clk_out6" driven by instance "MB/core_wrapper_i/core_i/clk_wiz_0/U0/clkout6_buf" located at site "BUFHCE_X0Y0"
#startgroup
create_pblock CLKAG_MB/core_wrapper_i/core_i/clk_wiz_0/U0/clk_out6
add_cells_to_pblock [get_pblocks  CLKAG_MB/core_wrapper_i/core_i/clk_wiz_0/U0/clk_out6] [get_cells  -filter { IS_PRIMITIVE==1 && PRIMITIVE_LEVEL !=INTERNAL } -of_object [get_pins -filter {DIRECTION==IN} -of_objects [get_nets -hierarchical -filter {PARENT=="MB/core_wrapper_i/core_i/clk_wiz_0/U0/clk_out6"}]]]
resize_pblock [get_pblocks CLKAG_MB/core_wrapper_i/core_i/clk_wiz_0/U0/clk_out6] -add {CLOCKREGION_X0Y0:CLOCKREGION_X0Y0}
#endgroup

# Clock net "CLINK/O" driven by instance "CLINK/U1" located at site "BUFR_X0Y13"
#startgroup
create_pblock CLKAG_CLINK/O
add_cells_to_pblock [get_pblocks  CLKAG_CLINK/O] [get_cells  -filter { IS_PRIMITIVE==1 && PRIMITIVE_LEVEL !=INTERNAL } -of_object [get_pins -filter {DIRECTION==IN} -of_objects [get_nets -hierarchical -filter {PARENT=="CLINK/O"}]]]
resize_pblock [get_pblocks CLKAG_CLINK/O] -add {CLOCKREGION_X0Y3:CLOCKREGION_X0Y3}
#endgroup

# Clock net "MB/core_wrapper_i/core_i/FB_MEMORY/mig_7series_0/u_core_mig_7series_0_0_mig/u_ddr3_infrastructure/pll_clkfbout" driven by instance "MB/core_wrapper_i/core_i/FB_MEMORY/mig_7series_0/u_core_mig_7series_0_0_mig/u_ddr3_infrastructure/plle2_i" located at site "PLLE2_ADV_X1Y0"
#startgroup
create_pblock CLKAG_MB/core_wrapper_i/core_i/FB_MEMORY/mig_7series_0/u_core_mig_7series_0_0_mig/u_ddr3_infrastructure/pll_clkfbout
add_cells_to_pblock [get_pblocks  CLKAG_MB/core_wrapper_i/core_i/FB_MEMORY/mig_7series_0/u_core_mig_7series_0_0_mig/u_ddr3_infrastructure/pll_clkfbout] [get_cells  -filter { IS_PRIMITIVE==1 && PRIMITIVE_LEVEL !=INTERNAL } -of_object [get_pins -filter {DIRECTION==IN} -of_objects [get_nets -hierarchical -filter {PARENT=="MB/core_wrapper_i/core_i/FB_MEMORY/mig_7series_0/u_core_mig_7series_0_0_mig/u_ddr3_infrastructure/pll_clkfbout"}]]]
resize_pblock [get_pblocks CLKAG_MB/core_wrapper_i/core_i/FB_MEMORY/mig_7series_0/u_core_mig_7series_0_0_mig/u_ddr3_infrastructure/pll_clkfbout] -add {CLOCKREGION_X1Y0:CLOCKREGION_X1Y0}
#endgroup

# Clock net "MB/core_wrapper_i/core_i/FB_MEMORY/mig_7series_0/u_core_mig_7series_0_0_mig/u_ddr3_infrastructure/freq_refclk" driven by instance "MB/core_wrapper_i/core_i/FB_MEMORY/mig_7series_0/u_core_mig_7series_0_0_mig/u_ddr3_infrastructure/plle2_i" located at site "PLLE2_ADV_X1Y0"
#startgroup
create_pblock CLKAG_MB/core_wrapper_i/core_i/FB_MEMORY/mig_7series_0/u_core_mig_7series_0_0_mig/u_ddr3_infrastructure/freq_refclk
add_cells_to_pblock [get_pblocks  CLKAG_MB/core_wrapper_i/core_i/FB_MEMORY/mig_7series_0/u_core_mig_7series_0_0_mig/u_ddr3_infrastructure/freq_refclk] [get_cells  -filter { IS_PRIMITIVE==1 && PRIMITIVE_LEVEL !=INTERNAL } -of_object [get_pins -filter {DIRECTION==IN} -of_objects [get_nets -hierarchical -filter {PARENT=="MB/core_wrapper_i/core_i/FB_MEMORY/mig_7series_0/u_core_mig_7series_0_0_mig/u_ddr3_infrastructure/freq_refclk"}]]]
resize_pblock [get_pblocks CLKAG_MB/core_wrapper_i/core_i/FB_MEMORY/mig_7series_0/u_core_mig_7series_0_0_mig/u_ddr3_infrastructure/freq_refclk] -add {CLOCKREGION_X1Y0:CLOCKREGION_X1Y0 CLOCKREGION_X1Y1:CLOCKREGION_X1Y1}
#endgroup

# Clock net "MB/core_wrapper_i/core_i/FB_MEMORY/mig_7series_0/u_core_mig_7series_0_0_mig/u_ddr3_infrastructure/mem_refclk" driven by instance "MB/core_wrapper_i/core_i/FB_MEMORY/mig_7series_0/u_core_mig_7series_0_0_mig/u_ddr3_infrastructure/plle2_i" located at site "PLLE2_ADV_X1Y0"
#startgroup
create_pblock CLKAG_MB/core_wrapper_i/core_i/FB_MEMORY/mig_7series_0/u_core_mig_7series_0_0_mig/u_ddr3_infrastructure/mem_refclk
add_cells_to_pblock [get_pblocks  CLKAG_MB/core_wrapper_i/core_i/FB_MEMORY/mig_7series_0/u_core_mig_7series_0_0_mig/u_ddr3_infrastructure/mem_refclk] [get_cells  -filter { IS_PRIMITIVE==1 && PRIMITIVE_LEVEL !=INTERNAL } -of_object [get_pins -filter {DIRECTION==IN} -of_objects [get_nets -hierarchical -filter {PARENT=="MB/core_wrapper_i/core_i/FB_MEMORY/mig_7series_0/u_core_mig_7series_0_0_mig/u_ddr3_infrastructure/mem_refclk"}]]]
resize_pblock [get_pblocks CLKAG_MB/core_wrapper_i/core_i/FB_MEMORY/mig_7series_0/u_core_mig_7series_0_0_mig/u_ddr3_infrastructure/mem_refclk] -add {CLOCKREGION_X1Y0:CLOCKREGION_X1Y0 CLOCKREGION_X1Y1:CLOCKREGION_X1Y1}
#endgroup

# Clock net "MB/core_wrapper_i/core_i/FB_MEMORY/mig_7series_0/u_core_mig_7series_0_0_mig/u_ddr3_infrastructure/sync_pulse" driven by instance "MB/core_wrapper_i/core_i/FB_MEMORY/mig_7series_0/u_core_mig_7series_0_0_mig/u_ddr3_infrastructure/plle2_i" located at site "PLLE2_ADV_X1Y0"
#startgroup
create_pblock CLKAG_MB/core_wrapper_i/core_i/FB_MEMORY/mig_7series_0/u_core_mig_7series_0_0_mig/u_ddr3_infrastructure/sync_pulse
add_cells_to_pblock [get_pblocks  CLKAG_MB/core_wrapper_i/core_i/FB_MEMORY/mig_7series_0/u_core_mig_7series_0_0_mig/u_ddr3_infrastructure/sync_pulse] [get_cells  -filter { IS_PRIMITIVE==1 && PRIMITIVE_LEVEL !=INTERNAL } -of_object [get_pins -filter {DIRECTION==IN} -of_objects [get_nets -hierarchical -filter {PARENT=="MB/core_wrapper_i/core_i/FB_MEMORY/mig_7series_0/u_core_mig_7series_0_0_mig/u_ddr3_infrastructure/sync_pulse"}]]]
resize_pblock [get_pblocks CLKAG_MB/core_wrapper_i/core_i/FB_MEMORY/mig_7series_0/u_core_mig_7series_0_0_mig/u_ddr3_infrastructure/sync_pulse] -add {CLOCKREGION_X1Y0:CLOCKREGION_X1Y0 CLOCKREGION_X1Y1:CLOCKREGION_X1Y1}
#endgroup

# Clock net "MB/core_wrapper_i/core_i/FB_MEMORY/mig_7series_0/u_core_mig_7series_0_0_mig/u_ddr3_infrastructure/pll_locked_i" driven by instance "MB/core_wrapper_i/core_i/FB_MEMORY/mig_7series_0/u_core_mig_7series_0_0_mig/u_ddr3_infrastructure/plle2_i" located at site "PLLE2_ADV_X1Y0"
#startgroup
create_pblock CLKAG_MB/core_wrapper_i/core_i/FB_MEMORY/mig_7series_0/u_core_mig_7series_0_0_mig/u_ddr3_infrastructure/pll_locked_i
add_cells_to_pblock [get_pblocks  CLKAG_MB/core_wrapper_i/core_i/FB_MEMORY/mig_7series_0/u_core_mig_7series_0_0_mig/u_ddr3_infrastructure/pll_locked_i] [get_cells  -filter { IS_PRIMITIVE==1 && PRIMITIVE_LEVEL !=INTERNAL && NAME!=MB/core_wrapper_i/core_i/FB_MEMORY/mig_7series_0/u_core_mig_7series_0_0_mig/u_ddr3_infrastructure/gen_mmcm.mmcm_i} -of_object [get_pins -filter {DIRECTION==IN} -of_objects [get_nets -hierarchical -filter {PARENT=="MB/core_wrapper_i/core_i/FB_MEMORY/mig_7series_0/u_core_mig_7series_0_0_mig/u_ddr3_infrastructure/pll_locked_i"}]]]
resize_pblock [get_pblocks CLKAG_MB/core_wrapper_i/core_i/FB_MEMORY/mig_7series_0/u_core_mig_7series_0_0_mig/u_ddr3_infrastructure/pll_locked_i] -add {CLOCKREGION_X1Y1:CLOCKREGION_X1Y1}
#endgroup

# Clock net "MB/core_wrapper_i/core_i/FB_MEMORY/mig_7series_0/u_core_mig_7series_0_0_mig/u_memc_ui_top_axi/mem_intfc0/ddr_phy_top0/u_ddr_mc_phy_wrapper/u_ddr_mc_phy/ddr_phy_4lanes_1.u_ddr_phy_4lanes/ddr_byte_lane_C.ddr_byte_lane_C/oserdes_clk" driven by instance "MB/core_wrapper_i/core_i/FB_MEMORY/mig_7series_0/u_core_mig_7series_0_0_mig/u_memc_ui_top_axi/mem_intfc0/ddr_phy_top0/u_ddr_mc_phy_wrapper/u_ddr_mc_phy/ddr_phy_4lanes_1.u_ddr_phy_4lanes/ddr_byte_lane_C.ddr_byte_lane_C/phaser_out" located at site "PHASER_OUT_PHY_X1Y2"
#startgroup
create_pblock CLKAG_MB/core_wrapper_i/core_i/FB_MEMORY/mig_7series_0/u_core_mig_7series_0_0_mig/u_memc_ui_top_axi/mem_intfc0/ddr_phy_top0/u_ddr_mc_phy_wrapper/u_ddr_mc_phy/ddr_phy_4lanes_1.u_ddr_phy_4lanes/ddr_byte_lane_C.ddr_byte_lane_C/oserdes_clk
add_cells_to_pblock [get_pblocks  CLKAG_MB/core_wrapper_i/core_i/FB_MEMORY/mig_7series_0/u_core_mig_7series_0_0_mig/u_memc_ui_top_axi/mem_intfc0/ddr_phy_top0/u_ddr_mc_phy_wrapper/u_ddr_mc_phy/ddr_phy_4lanes_1.u_ddr_phy_4lanes/ddr_byte_lane_C.ddr_byte_lane_C/oserdes_clk] [get_cells  -filter { IS_PRIMITIVE==1 && PRIMITIVE_LEVEL !=INTERNAL } -of_object [get_pins -filter {DIRECTION==IN} -of_objects [get_nets -hierarchical -filter {PARENT=="MB/core_wrapper_i/core_i/FB_MEMORY/mig_7series_0/u_core_mig_7series_0_0_mig/u_memc_ui_top_axi/mem_intfc0/ddr_phy_top0/u_ddr_mc_phy_wrapper/u_ddr_mc_phy/ddr_phy_4lanes_1.u_ddr_phy_4lanes/ddr_byte_lane_C.ddr_byte_lane_C/oserdes_clk"}]]]
resize_pblock [get_pblocks CLKAG_MB/core_wrapper_i/core_i/FB_MEMORY/mig_7series_0/u_core_mig_7series_0_0_mig/u_memc_ui_top_axi/mem_intfc0/ddr_phy_top0/u_ddr_mc_phy_wrapper/u_ddr_mc_phy/ddr_phy_4lanes_1.u_ddr_phy_4lanes/ddr_byte_lane_C.ddr_byte_lane_C/oserdes_clk] -add {CLOCKREGION_X1Y0:CLOCKREGION_X1Y0}
#endgroup

# Clock net "MB/core_wrapper_i/core_i/FB_MEMORY/mig_7series_0/u_core_mig_7series_0_0_mig/u_memc_ui_top_axi/mem_intfc0/ddr_phy_top0/u_ddr_mc_phy_wrapper/u_ddr_mc_phy/ddr_phy_4lanes_1.u_ddr_phy_4lanes/ddr_byte_lane_D.ddr_byte_lane_D/oserdes_clk" driven by instance "MB/core_wrapper_i/core_i/FB_MEMORY/mig_7series_0/u_core_mig_7series_0_0_mig/u_memc_ui_top_axi/mem_intfc0/ddr_phy_top0/u_ddr_mc_phy_wrapper/u_ddr_mc_phy/ddr_phy_4lanes_1.u_ddr_phy_4lanes/ddr_byte_lane_D.ddr_byte_lane_D/phaser_out" located at site "PHASER_OUT_PHY_X1Y3"
#startgroup
create_pblock CLKAG_MB/core_wrapper_i/core_i/FB_MEMORY/mig_7series_0/u_core_mig_7series_0_0_mig/u_memc_ui_top_axi/mem_intfc0/ddr_phy_top0/u_ddr_mc_phy_wrapper/u_ddr_mc_phy/ddr_phy_4lanes_1.u_ddr_phy_4lanes/ddr_byte_lane_D.ddr_byte_lane_D/oserdes_clk
add_cells_to_pblock [get_pblocks  CLKAG_MB/core_wrapper_i/core_i/FB_MEMORY/mig_7series_0/u_core_mig_7series_0_0_mig/u_memc_ui_top_axi/mem_intfc0/ddr_phy_top0/u_ddr_mc_phy_wrapper/u_ddr_mc_phy/ddr_phy_4lanes_1.u_ddr_phy_4lanes/ddr_byte_lane_D.ddr_byte_lane_D/oserdes_clk] [get_cells  -filter { IS_PRIMITIVE==1 && PRIMITIVE_LEVEL !=INTERNAL } -of_object [get_pins -filter {DIRECTION==IN} -of_objects [get_nets -hierarchical -filter {PARENT=="MB/core_wrapper_i/core_i/FB_MEMORY/mig_7series_0/u_core_mig_7series_0_0_mig/u_memc_ui_top_axi/mem_intfc0/ddr_phy_top0/u_ddr_mc_phy_wrapper/u_ddr_mc_phy/ddr_phy_4lanes_1.u_ddr_phy_4lanes/ddr_byte_lane_D.ddr_byte_lane_D/oserdes_clk"}]]]
resize_pblock [get_pblocks CLKAG_MB/core_wrapper_i/core_i/FB_MEMORY/mig_7series_0/u_core_mig_7series_0_0_mig/u_memc_ui_top_axi/mem_intfc0/ddr_phy_top0/u_ddr_mc_phy_wrapper/u_ddr_mc_phy/ddr_phy_4lanes_1.u_ddr_phy_4lanes/ddr_byte_lane_D.ddr_byte_lane_D/oserdes_clk] -add {CLOCKREGION_X1Y0:CLOCKREGION_X1Y0}
#endgroup

# Clock net "MB/core_wrapper_i/core_i/FB_MEMORY/mig_7series_0/u_core_mig_7series_0_0_mig/u_memc_ui_top_axi/mem_intfc0/ddr_phy_top0/u_ddr_mc_phy_wrapper/u_ddr_mc_phy/ddr_phy_4lanes_0.u_ddr_phy_4lanes/ddr_byte_lane_A.ddr_byte_lane_A/oserdes_clk" driven by instance "MB/core_wrapper_i/core_i/FB_MEMORY/mig_7series_0/u_core_mig_7series_0_0_mig/u_memc_ui_top_axi/mem_intfc0/ddr_phy_top0/u_ddr_mc_phy_wrapper/u_ddr_mc_phy/ddr_phy_4lanes_0.u_ddr_phy_4lanes/ddr_byte_lane_A.ddr_byte_lane_A/phaser_out" located at site "PHASER_OUT_PHY_X1Y4"
#startgroup
create_pblock CLKAG_MB/core_wrapper_i/core_i/FB_MEMORY/mig_7series_0/u_core_mig_7series_0_0_mig/u_memc_ui_top_axi/mem_intfc0/ddr_phy_top0/u_ddr_mc_phy_wrapper/u_ddr_mc_phy/ddr_phy_4lanes_0.u_ddr_phy_4lanes/ddr_byte_lane_A.ddr_byte_lane_A/oserdes_clk
add_cells_to_pblock [get_pblocks  CLKAG_MB/core_wrapper_i/core_i/FB_MEMORY/mig_7series_0/u_core_mig_7series_0_0_mig/u_memc_ui_top_axi/mem_intfc0/ddr_phy_top0/u_ddr_mc_phy_wrapper/u_ddr_mc_phy/ddr_phy_4lanes_0.u_ddr_phy_4lanes/ddr_byte_lane_A.ddr_byte_lane_A/oserdes_clk] [get_cells  -filter { IS_PRIMITIVE==1 && PRIMITIVE_LEVEL !=INTERNAL } -of_object [get_pins -filter {DIRECTION==IN} -of_objects [get_nets -hierarchical -filter {PARENT=="MB/core_wrapper_i/core_i/FB_MEMORY/mig_7series_0/u_core_mig_7series_0_0_mig/u_memc_ui_top_axi/mem_intfc0/ddr_phy_top0/u_ddr_mc_phy_wrapper/u_ddr_mc_phy/ddr_phy_4lanes_0.u_ddr_phy_4lanes/ddr_byte_lane_A.ddr_byte_lane_A/oserdes_clk"}]]]
resize_pblock [get_pblocks CLKAG_MB/core_wrapper_i/core_i/FB_MEMORY/mig_7series_0/u_core_mig_7series_0_0_mig/u_memc_ui_top_axi/mem_intfc0/ddr_phy_top0/u_ddr_mc_phy_wrapper/u_ddr_mc_phy/ddr_phy_4lanes_0.u_ddr_phy_4lanes/ddr_byte_lane_A.ddr_byte_lane_A/oserdes_clk] -add {CLOCKREGION_X1Y1:CLOCKREGION_X1Y1}
#endgroup

# Clock net "MB/core_wrapper_i/core_i/FB_MEMORY/mig_7series_0/u_core_mig_7series_0_0_mig/u_memc_ui_top_axi/mem_intfc0/ddr_phy_top0/u_ddr_mc_phy_wrapper/u_ddr_mc_phy/ddr_phy_4lanes_1.u_ddr_phy_4lanes/ddr_byte_lane_A.ddr_byte_lane_A/oserdes_clk" driven by instance "MB/core_wrapper_i/core_i/FB_MEMORY/mig_7series_0/u_core_mig_7series_0_0_mig/u_memc_ui_top_axi/mem_intfc0/ddr_phy_top0/u_ddr_mc_phy_wrapper/u_ddr_mc_phy/ddr_phy_4lanes_1.u_ddr_phy_4lanes/ddr_byte_lane_A.ddr_byte_lane_A/phaser_out" located at site "PHASER_OUT_PHY_X1Y0"
#startgroup
create_pblock CLKAG_MB/core_wrapper_i/core_i/FB_MEMORY/mig_7series_0/u_core_mig_7series_0_0_mig/u_memc_ui_top_axi/mem_intfc0/ddr_phy_top0/u_ddr_mc_phy_wrapper/u_ddr_mc_phy/ddr_phy_4lanes_1.u_ddr_phy_4lanes/ddr_byte_lane_A.ddr_byte_lane_A/oserdes_clk
add_cells_to_pblock [get_pblocks  CLKAG_MB/core_wrapper_i/core_i/FB_MEMORY/mig_7series_0/u_core_mig_7series_0_0_mig/u_memc_ui_top_axi/mem_intfc0/ddr_phy_top0/u_ddr_mc_phy_wrapper/u_ddr_mc_phy/ddr_phy_4lanes_1.u_ddr_phy_4lanes/ddr_byte_lane_A.ddr_byte_lane_A/oserdes_clk] [get_cells  -filter { IS_PRIMITIVE==1 && PRIMITIVE_LEVEL !=INTERNAL } -of_object [get_pins -filter {DIRECTION==IN} -of_objects [get_nets -hierarchical -filter {PARENT=="MB/core_wrapper_i/core_i/FB_MEMORY/mig_7series_0/u_core_mig_7series_0_0_mig/u_memc_ui_top_axi/mem_intfc0/ddr_phy_top0/u_ddr_mc_phy_wrapper/u_ddr_mc_phy/ddr_phy_4lanes_1.u_ddr_phy_4lanes/ddr_byte_lane_A.ddr_byte_lane_A/oserdes_clk"}]]]
resize_pblock [get_pblocks CLKAG_MB/core_wrapper_i/core_i/FB_MEMORY/mig_7series_0/u_core_mig_7series_0_0_mig/u_memc_ui_top_axi/mem_intfc0/ddr_phy_top0/u_ddr_mc_phy_wrapper/u_ddr_mc_phy/ddr_phy_4lanes_1.u_ddr_phy_4lanes/ddr_byte_lane_A.ddr_byte_lane_A/oserdes_clk] -add {CLOCKREGION_X1Y0:CLOCKREGION_X1Y0}
#endgroup

# Clock net "MB/core_wrapper_i/core_i/FB_MEMORY/mig_7series_0/u_core_mig_7series_0_0_mig/u_memc_ui_top_axi/mem_intfc0/ddr_phy_top0/u_ddr_mc_phy_wrapper/u_ddr_mc_phy/ddr_phy_4lanes_0.u_ddr_phy_4lanes/ddr_byte_lane_A.ddr_byte_lane_A/O1" driven by instance "MB/core_wrapper_i/core_i/FB_MEMORY/mig_7series_0/u_core_mig_7series_0_0_mig/u_memc_ui_top_axi/mem_intfc0/ddr_phy_top0/u_ddr_mc_phy_wrapper/u_ddr_mc_phy/ddr_phy_4lanes_0.u_ddr_phy_4lanes/ddr_byte_lane_A.ddr_byte_lane_A/phaser_in_gen.phaser_in" located at site "PHASER_IN_PHY_X1Y4"
#startgroup
create_pblock CLKAG_MB/core_wrapper_i/core_i/FB_MEMORY/mig_7series_0/u_core_mig_7series_0_0_mig/u_memc_ui_top_axi/mem_intfc0/ddr_phy_top0/u_ddr_mc_phy_wrapper/u_ddr_mc_phy/ddr_phy_4lanes_0.u_ddr_phy_4lanes/ddr_byte_lane_A.ddr_byte_lane_A/O1
add_cells_to_pblock [get_pblocks  CLKAG_MB/core_wrapper_i/core_i/FB_MEMORY/mig_7series_0/u_core_mig_7series_0_0_mig/u_memc_ui_top_axi/mem_intfc0/ddr_phy_top0/u_ddr_mc_phy_wrapper/u_ddr_mc_phy/ddr_phy_4lanes_0.u_ddr_phy_4lanes/ddr_byte_lane_A.ddr_byte_lane_A/O1] [get_cells  -filter { IS_PRIMITIVE==1 && PRIMITIVE_LEVEL !=INTERNAL } -of_object [get_pins -filter {DIRECTION==IN} -of_objects [get_nets -hierarchical -filter {PARENT=="MB/core_wrapper_i/core_i/FB_MEMORY/mig_7series_0/u_core_mig_7series_0_0_mig/u_memc_ui_top_axi/mem_intfc0/ddr_phy_top0/u_ddr_mc_phy_wrapper/u_ddr_mc_phy/ddr_phy_4lanes_0.u_ddr_phy_4lanes/ddr_byte_lane_A.ddr_byte_lane_A/O1"}]]]
resize_pblock [get_pblocks CLKAG_MB/core_wrapper_i/core_i/FB_MEMORY/mig_7series_0/u_core_mig_7series_0_0_mig/u_memc_ui_top_axi/mem_intfc0/ddr_phy_top0/u_ddr_mc_phy_wrapper/u_ddr_mc_phy/ddr_phy_4lanes_0.u_ddr_phy_4lanes/ddr_byte_lane_A.ddr_byte_lane_A/O1] -add {CLOCKREGION_X1Y1:CLOCKREGION_X1Y1}
#endgroup

# Clock net "MB/core_wrapper_i/core_i/FB_MEMORY/mig_7series_0/u_core_mig_7series_0_0_mig/u_memc_ui_top_axi/mem_intfc0/ddr_phy_top0/u_ddr_mc_phy_wrapper/u_ddr_mc_phy/ddr_phy_4lanes_1.u_ddr_phy_4lanes/ddr_byte_lane_A.ddr_byte_lane_A/O1" driven by instance "MB/core_wrapper_i/core_i/FB_MEMORY/mig_7series_0/u_core_mig_7series_0_0_mig/u_memc_ui_top_axi/mem_intfc0/ddr_phy_top0/u_ddr_mc_phy_wrapper/u_ddr_mc_phy/ddr_phy_4lanes_1.u_ddr_phy_4lanes/ddr_byte_lane_A.ddr_byte_lane_A/phaser_in_gen.phaser_in" located at site "PHASER_IN_PHY_X1Y0"
#startgroup
create_pblock CLKAG_MB/core_wrapper_i/core_i/FB_MEMORY/mig_7series_0/u_core_mig_7series_0_0_mig/u_memc_ui_top_axi/mem_intfc0/ddr_phy_top0/u_ddr_mc_phy_wrapper/u_ddr_mc_phy/ddr_phy_4lanes_1.u_ddr_phy_4lanes/ddr_byte_lane_A.ddr_byte_lane_A/O1
add_cells_to_pblock [get_pblocks  CLKAG_MB/core_wrapper_i/core_i/FB_MEMORY/mig_7series_0/u_core_mig_7series_0_0_mig/u_memc_ui_top_axi/mem_intfc0/ddr_phy_top0/u_ddr_mc_phy_wrapper/u_ddr_mc_phy/ddr_phy_4lanes_1.u_ddr_phy_4lanes/ddr_byte_lane_A.ddr_byte_lane_A/O1] [get_cells  -filter { IS_PRIMITIVE==1 && PRIMITIVE_LEVEL !=INTERNAL } -of_object [get_pins -filter {DIRECTION==IN} -of_objects [get_nets -hierarchical -filter {PARENT=="MB/core_wrapper_i/core_i/FB_MEMORY/mig_7series_0/u_core_mig_7series_0_0_mig/u_memc_ui_top_axi/mem_intfc0/ddr_phy_top0/u_ddr_mc_phy_wrapper/u_ddr_mc_phy/ddr_phy_4lanes_1.u_ddr_phy_4lanes/ddr_byte_lane_A.ddr_byte_lane_A/O1"}]]]
resize_pblock [get_pblocks CLKAG_MB/core_wrapper_i/core_i/FB_MEMORY/mig_7series_0/u_core_mig_7series_0_0_mig/u_memc_ui_top_axi/mem_intfc0/ddr_phy_top0/u_ddr_mc_phy_wrapper/u_ddr_mc_phy/ddr_phy_4lanes_1.u_ddr_phy_4lanes/ddr_byte_lane_A.ddr_byte_lane_A/O1] -add {CLOCKREGION_X1Y0:CLOCKREGION_X1Y0}
#endgroup

# Clock net "MB/core_wrapper_i/core_i/MCU/mdm_1/U0/Ext_JTAG_UPDATE" driven by instance "MB/core_wrapper_i/core_i/MCU/mdm_1/U0/Use_E2.BSCANE2_I" located at site "BSCAN_X0Y1"
#startgroup
create_pblock CLKAG_MB/core_wrapper_i/core_i/MCU/mdm_1/U0/Ext_JTAG_UPDATE
add_cells_to_pblock [get_pblocks  CLKAG_MB/core_wrapper_i/core_i/MCU/mdm_1/U0/Ext_JTAG_UPDATE] [get_cells  -filter { IS_PRIMITIVE==1 && PRIMITIVE_LEVEL !=INTERNAL } -of_object [get_pins -filter {DIRECTION==IN} -of_objects [get_nets -hierarchical -filter {PARENT=="MB/core_wrapper_i/core_i/MCU/mdm_1/U0/Ext_JTAG_UPDATE"}]]]
resize_pblock [get_pblocks CLKAG_MB/core_wrapper_i/core_i/MCU/mdm_1/U0/Ext_JTAG_UPDATE] -add {CLOCKREGION_X0Y0:CLOCKREGION_X0Y0 CLOCKREGION_X0Y1:CLOCKREGION_X0Y1 CLOCKREGION_X0Y2:CLOCKREGION_X0Y2 CLOCKREGION_X1Y1:CLOCKREGION_X1Y1 CLOCKREGION_X1Y2:CLOCKREGION_X1Y2}
#endgroup

# Clock net "MB/core_wrapper_i/core_i/FB_MEMORY/mig_7series_0/u_core_mig_7series_0_0_mig/u_memc_ui_top_axi/mem_intfc0/ddr_phy_top0/u_ddr_mc_phy_wrapper/u_ddr_mc_phy/ddr_phy_4lanes_1.u_ddr_phy_4lanes/ddr_byte_lane_B.ddr_byte_lane_B/oserdes_clk" driven by instance "MB/core_wrapper_i/core_i/FB_MEMORY/mig_7series_0/u_core_mig_7series_0_0_mig/u_memc_ui_top_axi/mem_intfc0/ddr_phy_top0/u_ddr_mc_phy_wrapper/u_ddr_mc_phy/ddr_phy_4lanes_1.u_ddr_phy_4lanes/ddr_byte_lane_B.ddr_byte_lane_B/phaser_out" located at site "PHASER_OUT_PHY_X1Y1"
#startgroup
create_pblock CLKAG_MB/core_wrapper_i/core_i/FB_MEMORY/mig_7series_0/u_core_mig_7series_0_0_mig/u_memc_ui_top_axi/mem_intfc0/ddr_phy_top0/u_ddr_mc_phy_wrapper/u_ddr_mc_phy/ddr_phy_4lanes_1.u_ddr_phy_4lanes/ddr_byte_lane_B.ddr_byte_lane_B/oserdes_clk
add_cells_to_pblock [get_pblocks  CLKAG_MB/core_wrapper_i/core_i/FB_MEMORY/mig_7series_0/u_core_mig_7series_0_0_mig/u_memc_ui_top_axi/mem_intfc0/ddr_phy_top0/u_ddr_mc_phy_wrapper/u_ddr_mc_phy/ddr_phy_4lanes_1.u_ddr_phy_4lanes/ddr_byte_lane_B.ddr_byte_lane_B/oserdes_clk] [get_cells  -filter { IS_PRIMITIVE==1 && PRIMITIVE_LEVEL !=INTERNAL } -of_object [get_pins -filter {DIRECTION==IN} -of_objects [get_nets -hierarchical -filter {PARENT=="MB/core_wrapper_i/core_i/FB_MEMORY/mig_7series_0/u_core_mig_7series_0_0_mig/u_memc_ui_top_axi/mem_intfc0/ddr_phy_top0/u_ddr_mc_phy_wrapper/u_ddr_mc_phy/ddr_phy_4lanes_1.u_ddr_phy_4lanes/ddr_byte_lane_B.ddr_byte_lane_B/oserdes_clk"}]]]
resize_pblock [get_pblocks CLKAG_MB/core_wrapper_i/core_i/FB_MEMORY/mig_7series_0/u_core_mig_7series_0_0_mig/u_memc_ui_top_axi/mem_intfc0/ddr_phy_top0/u_ddr_mc_phy_wrapper/u_ddr_mc_phy/ddr_phy_4lanes_1.u_ddr_phy_4lanes/ddr_byte_lane_B.ddr_byte_lane_B/oserdes_clk] -add {CLOCKREGION_X1Y0:CLOCKREGION_X1Y0}
#endgroup

# Clock net "MB/core_wrapper_i/core_i/FB_MEMORY/mig_7series_0/u_core_mig_7series_0_0_mig/u_memc_ui_top_axi/mem_intfc0/ddr_phy_top0/u_ddr_mc_phy_wrapper/u_ddr_mc_phy/ddr_phy_4lanes_1.u_ddr_phy_4lanes/ddr_byte_lane_A.ddr_byte_lane_A/oserdes_clk_delayed" driven by instance "MB/core_wrapper_i/core_i/FB_MEMORY/mig_7series_0/u_core_mig_7series_0_0_mig/u_memc_ui_top_axi/mem_intfc0/ddr_phy_top0/u_ddr_mc_phy_wrapper/u_ddr_mc_phy/ddr_phy_4lanes_1.u_ddr_phy_4lanes/ddr_byte_lane_A.ddr_byte_lane_A/phaser_out" located at site "PHASER_OUT_PHY_X1Y0"
#startgroup
create_pblock CLKAG_MB/core_wrapper_i/core_i/FB_MEMORY/mig_7series_0/u_core_mig_7series_0_0_mig/u_memc_ui_top_axi/mem_intfc0/ddr_phy_top0/u_ddr_mc_phy_wrapper/u_ddr_mc_phy/ddr_phy_4lanes_1.u_ddr_phy_4lanes/ddr_byte_lane_A.ddr_byte_lane_A/oserdes_clk_delayed
add_cells_to_pblock [get_pblocks  CLKAG_MB/core_wrapper_i/core_i/FB_MEMORY/mig_7series_0/u_core_mig_7series_0_0_mig/u_memc_ui_top_axi/mem_intfc0/ddr_phy_top0/u_ddr_mc_phy_wrapper/u_ddr_mc_phy/ddr_phy_4lanes_1.u_ddr_phy_4lanes/ddr_byte_lane_A.ddr_byte_lane_A/oserdes_clk_delayed] [get_cells  -filter { IS_PRIMITIVE==1 && PRIMITIVE_LEVEL !=INTERNAL } -of_object [get_pins -filter {DIRECTION==IN} -of_objects [get_nets -hierarchical -filter {PARENT=="MB/core_wrapper_i/core_i/FB_MEMORY/mig_7series_0/u_core_mig_7series_0_0_mig/u_memc_ui_top_axi/mem_intfc0/ddr_phy_top0/u_ddr_mc_phy_wrapper/u_ddr_mc_phy/ddr_phy_4lanes_1.u_ddr_phy_4lanes/ddr_byte_lane_A.ddr_byte_lane_A/oserdes_clk_delayed"}]]]
resize_pblock [get_pblocks CLKAG_MB/core_wrapper_i/core_i/FB_MEMORY/mig_7series_0/u_core_mig_7series_0_0_mig/u_memc_ui_top_axi/mem_intfc0/ddr_phy_top0/u_ddr_mc_phy_wrapper/u_ddr_mc_phy/ddr_phy_4lanes_1.u_ddr_phy_4lanes/ddr_byte_lane_A.ddr_byte_lane_A/oserdes_clk_delayed] -add {CLOCKREGION_X1Y0:CLOCKREGION_X1Y0}
#endgroup

# Clock net "MB/core_wrapper_i/core_i/FB_MEMORY/mig_7series_0/u_core_mig_7series_0_0_mig/u_memc_ui_top_axi/mem_intfc0/ddr_phy_top0/u_ddr_mc_phy_wrapper/u_ddr_mc_phy/ddr_phy_4lanes_0.u_ddr_phy_4lanes/ddr_byte_lane_A.ddr_byte_lane_A/oserdes_clk_delayed" driven by instance "MB/core_wrapper_i/core_i/FB_MEMORY/mig_7series_0/u_core_mig_7series_0_0_mig/u_memc_ui_top_axi/mem_intfc0/ddr_phy_top0/u_ddr_mc_phy_wrapper/u_ddr_mc_phy/ddr_phy_4lanes_0.u_ddr_phy_4lanes/ddr_byte_lane_A.ddr_byte_lane_A/phaser_out" located at site "PHASER_OUT_PHY_X1Y4"
#startgroup
create_pblock CLKAG_MB/core_wrapper_i/core_i/FB_MEMORY/mig_7series_0/u_core_mig_7series_0_0_mig/u_memc_ui_top_axi/mem_intfc0/ddr_phy_top0/u_ddr_mc_phy_wrapper/u_ddr_mc_phy/ddr_phy_4lanes_0.u_ddr_phy_4lanes/ddr_byte_lane_A.ddr_byte_lane_A/oserdes_clk_delayed
add_cells_to_pblock [get_pblocks  CLKAG_MB/core_wrapper_i/core_i/FB_MEMORY/mig_7series_0/u_core_mig_7series_0_0_mig/u_memc_ui_top_axi/mem_intfc0/ddr_phy_top0/u_ddr_mc_phy_wrapper/u_ddr_mc_phy/ddr_phy_4lanes_0.u_ddr_phy_4lanes/ddr_byte_lane_A.ddr_byte_lane_A/oserdes_clk_delayed] [get_cells  -filter { IS_PRIMITIVE==1 && PRIMITIVE_LEVEL !=INTERNAL } -of_object [get_pins -filter {DIRECTION==IN} -of_objects [get_nets -hierarchical -filter {PARENT=="MB/core_wrapper_i/core_i/FB_MEMORY/mig_7series_0/u_core_mig_7series_0_0_mig/u_memc_ui_top_axi/mem_intfc0/ddr_phy_top0/u_ddr_mc_phy_wrapper/u_ddr_mc_phy/ddr_phy_4lanes_0.u_ddr_phy_4lanes/ddr_byte_lane_A.ddr_byte_lane_A/oserdes_clk_delayed"}]]]
resize_pblock [get_pblocks CLKAG_MB/core_wrapper_i/core_i/FB_MEMORY/mig_7series_0/u_core_mig_7series_0_0_mig/u_memc_ui_top_axi/mem_intfc0/ddr_phy_top0/u_ddr_mc_phy_wrapper/u_ddr_mc_phy/ddr_phy_4lanes_0.u_ddr_phy_4lanes/ddr_byte_lane_A.ddr_byte_lane_A/oserdes_clk_delayed] -add {CLOCKREGION_X1Y1:CLOCKREGION_X1Y1}
#endgroup
